grid     (256, 128, 36)  dt = 2.0 a.u., 4000 steps = 193.5 fs
absorb   R from 8.00 bohr, r from 4.00 bohr, eta = 0.15 Ha
states   5 vibrational levels

energy resolution 2pi/T = 21.4 meV

  v=0  |mu chi| = 2.835062e-01
        step   1000  |S| = 1.480e-06
        step   2000  |S| = 5.787e-08
        step   3000  |S| = 7.642e-09
        step   4000  |S| = 1.112e-09
        channels: R (departing atom)  49.8%   r (other bond)  50.2%   captured 100.0% of norm
  v=1  |mu chi| = 2.769670e-01
        step   1000  |S| = 6.477e-06
        step   2000  |S| = 2.044e-07
        step   3000  |S| = 2.138e-08
        step   4000  |S| = 3.612e-09
        channels: R (departing atom)  49.7%   r (other bond)  50.3%   captured 100.0% of norm
  v=2  |mu chi| = 2.708223e-01
        step   1000  |S| = 1.298e-05
        step   2000  |S| = 8.141e-08
        step   3000  |S| = 1.543e-08
        step   4000  |S| = 8.303e-09
        channels: R (departing atom)  49.6%   r (other bond)  50.4%   captured 100.0% of norm
  v=3  |mu chi| = 2.730578e-01
        step   1000  |S| = 1.336e-05
        step   2000  |S| = 5.305e-07
        step   3000  |S| = 6.697e-08
        step   4000  |S| = 5.583e-09
        channels: R (departing atom)  49.8%   r (other bond)  50.2%   captured 100.0% of norm
  v=4  |mu chi| = 2.423256e-01
        step   1000  |S| = 1.061e-06
        step   2000  |S| = 3.116e-10
        step   3000  |S| = 4.123e-11
        step   4000  |S| = 1.132e-12
        channels: R (departing atom)  49.2%   r (other bond)  50.8%   captured 100.0% of norm

    T/K   peak/nm    peak sigma/cm2   FWHM/eV
    200     166.9         3.268e-18     0.951
    250     166.9         3.268e-18     0.951
    298     166.9         3.268e-18     0.951

channel branching, band-integrated (not energy resolved):
   v   R channel   r channel  norm captured
   0       49.8%       50.2%         100.0%
   1       49.7%       50.3%         100.0%
   2       49.6%       50.4%         100.0%
   3       49.8%       50.2%         100.0%
   4       49.2%       50.8%         100.0%
50/50 as required when the two bonds are equivalent.

wrote runs/H2O/cross_section.npz
wrote runs/H2O/cross_section.png
