========================================================================
== HOX Phase 0.5 -- halogen fine structure as an SOC validation
== basis def2-tzvp, soc DKH1, QD-NEVPT2 + SOC
========================================================================

--- Cl ------------------------------------------------------------
  reference done in     3.8 s (nao 37, CAS(5,3), 3 roots)

Computing NEVPT energies...

Method:                                            nevpt2
Method type:                                       qd
Nuclear repulsion energy:                          0.000000000000
Number of electrons:                               17
Number of basis functions:                         37
Reference wavefunction type:                       sa-casscf
Number of reference states:                        3
Number of reference microstates:                   3
Number of frozen orbitals:                         0
Number of core orbitals:                           6
Number of active orbitals:                         3
Number of external orbitals:                       28
Number of active electrons:                        [(3, 2), (3, 2), (3, 2)]
Spin–orbit coupling:                               dkh1
G-tensor:                                          False
Reference density fitting?                         False
Correlation density fitting?                       False
Temporary directory path:                          /tmp

Internal contraction:                              Full (= Partial)
Compute singles amplitudes?                        False
Overlap truncation parameter (singles):            1.00e-08
Overlap truncation parameter (doubles):            1.00e-08

Einsum Backend:                                    opt_einsum

Transforming integrals to MO basis...
Correlation energy [0]:                           -0.083738807785

Computing energy of state #1...
Reference state active-space energy:              -7.269740265576
Reference state spin multiplicity:                 2
Number of active electrons:                        [(3, 2)]
Correlation energy [0']:                          -0.022446095240
Correlation energy [+1']:                         -0.000000000000
Correlation energy [-1']:                         -0.003708006670
Correlation energy [+1]:                          -0.004380693664
Correlation energy [-1]:                          -0.056549015890
Correlation energy [+2]:                           0.000000000000
Correlation energy [-2]:                          -0.080374765503
Correlation energy [0]:                           -0.083738807785
SA-CASSCF reference state total energy:         -460.718764872174
NEVPT2 correlation energy:                        -0.251197384752
Total NEVPT2 energy:                            -460.969962256927

Computing energy of state #2...
Reference state active-space energy:              -7.269740265038
Reference state spin multiplicity:                 2
Number of active electrons:                        [(3, 2)]
Correlation energy [0']:                          -0.022446094981
Correlation energy [+1']:                         -0.000000000000
Correlation energy [-1']:                         -0.003708007016
Correlation energy [+1]:                          -0.004380693637
Correlation energy [-1]:                          -0.056549016019
Correlation energy [+2]:                           0.000000000000
Correlation energy [-2]:                          -0.080374765802
Correlation energy [0]:                           -0.083738807785
SA-CASSCF reference state total energy:         -460.718764871636
NEVPT2 correlation energy:                        -0.251197385240
Total NEVPT2 energy:                            -460.969962256876

Computing energy of state #3...
Reference state active-space energy:              -7.269740265032
Reference state spin multiplicity:                 2
Number of active electrons:                        [(3, 2)]
Correlation energy [0']:                          -0.022446094981
Correlation energy [+1']:                         -0.000000000000
Correlation energy [-1']:                         -0.003708007016
Correlation energy [+1]:                          -0.004380693637
Correlation energy [-1]:                          -0.056549016019
Correlation energy [+2]:                           0.000000000000
Correlation energy [-2]:                          -0.080374765802
Correlation energy [0]:                           -0.083738807785
SA-CASSCF reference state total energy:         -460.718764871630
NEVPT2 correlation energy:                        -0.251197385240
Total NEVPT2 energy:                            -460.969962256870

Computing the QD-NEVPT2 effective Hamiltonian...

Initializing state-interaction spin–orbit coupling program...
Performing state-interaction spin–orbit coupling calculation within spin-free framework...

Note that SOC Hamiltionian is sf-X2C-1e+so-DKH1 instead of usual DKH. 

Calculating Wigner 1-RDM...
> CPU time for total None calculation     14.94 sec, wall time      0.48 sec

Summary of results for the DKH1-QD-NEVPT2 calculation with the SA-CASSCF reference:
------------------------------------------------------------------------------------------------------------------
  State    Degen.        E(total)            dE(a.u.)        dE(eV)      dE(nm)       dE(cm-1)      Osc Str.  
------------------------------------------------------------------------------------------------------------------
    1        1         -460.971244933040     0.00000000       0.0000                      0.0000               
    2        1         -460.971244933040     0.00000000       0.0000                      0.0000               
    3        1         -460.971244932986     0.00000000       0.0000                      0.0000               
    4        1         -460.971244932986     0.00000000       0.0000                      0.0000               
    5        1         -460.967396904646     0.00384803       0.1047   11840.7007       844.5446     0.00000000
    6        1         -460.967396904646     0.00384803       0.1047   11840.7007       844.5446     0.00000000
----------------------------------------------------------------------------------------------------------------
> CPU time for total SOC-NEVPT2 calculation     35.46 sec, wall time      1.13 sec
  oscillator strengths returned: 5 values, max 4.322e-24
      (meaningless for a free atom -- what matters is that kernel() returns them at all, since that is the borrowed intensity HOX needs)
  6 spin-orbit states:
      0     -460.9712449330 Ha           0.00 cm-1
      1     -460.9712449330 Ha           0.00 cm-1
      2     -460.9712449330 Ha           0.00 cm-1
      3     -460.9712449330 Ha           0.00 cm-1
      4     -460.9673969046 Ha         844.54 cm-1
      5     -460.9673969046 Ha         844.54 cm-1
  degeneracy pattern: [4, 2]   (want [4, 2])
  wall time     5.3 s

--- Br ------------------------------------------------------------
  reference done in     5.6 s (nao 48, CAS(5,3), 3 roots)

Computing NEVPT energies...

Method:                                            nevpt2
Method type:                                       qd
Nuclear repulsion energy:                          0.000000000000
Number of electrons:                               35
Number of basis functions:                         48
Reference wavefunction type:                       sa-casscf
Number of reference states:                        3
Number of reference microstates:                   3
Number of frozen orbitals:                         0
Number of core orbitals:                           15
Number of active orbitals:                         3
Number of external orbitals:                       30
Number of active electrons:                        [(3, 2), (3, 2), (3, 2)]
Spin–orbit coupling:                               dkh1
G-tensor:                                          False
Reference density fitting?                         False
Correlation density fitting?                       False
Temporary directory path:                          /tmp

Internal contraction:                              Full (= Partial)
Compute singles amplitudes?                        False
Overlap truncation parameter (singles):            1.00e-08
Overlap truncation parameter (doubles):            1.00e-08

Einsum Backend:                                    opt_einsum

Transforming integrals to MO basis...
Correlation energy [0]:                           -0.161425891108

Computing energy of state #1...
Reference state active-space energy:              -6.418066470153
Reference state spin multiplicity:                 2
Number of active electrons:                        [(3, 2)]
Correlation energy [0']:                          -0.018626220593
Correlation energy [+1']:                         -0.000000000000
Correlation energy [-1']:                         -0.003864978059
Correlation energy [+1]:                          -0.005003201502
Correlation energy [-1]:                          -0.054319791088
Correlation energy [+2]:                           0.000000000000
Correlation energy [-2]:                          -0.068211465420
Correlation energy [0]:                           -0.161425891108
SA-CASSCF reference state total energy:        -2597.136867273270
NEVPT2 correlation energy:                        -0.311451547769
Total NEVPT2 energy:                           -2597.448318821040

Computing energy of state #2...
Reference state active-space energy:              -6.418066469490
Reference state spin multiplicity:                 2
Number of active electrons:                        [(3, 2)]
Correlation energy [0']:                          -0.018626220360
Correlation energy [+1']:                         -0.000000000000
Correlation energy [-1']:                         -0.003864978612
Correlation energy [+1]:                          -0.005003201534
Correlation energy [-1]:                          -0.054319791113
Correlation energy [+2]:                           0.000000000000
Correlation energy [-2]:                          -0.068211465520
Correlation energy [0]:                           -0.161425891108
SA-CASSCF reference state total energy:        -2597.136867272608
NEVPT2 correlation energy:                        -0.311451548247
Total NEVPT2 energy:                           -2597.448318820854

Computing energy of state #3...
Reference state active-space energy:              -6.418066469486
Reference state spin multiplicity:                 2
Number of active electrons:                        [(3, 2)]
Correlation energy [0']:                          -0.018626220360
Correlation energy [+1']:                         -0.000000000000
Correlation energy [-1']:                         -0.003864978612
Correlation energy [+1]:                          -0.005003201534
Correlation energy [-1]:                          -0.054319791113
Correlation energy [+2]:                           0.000000000000
Correlation energy [-2]:                          -0.068211465520
Correlation energy [0]:                           -0.161425891108
SA-CASSCF reference state total energy:        -2597.136867272604
NEVPT2 correlation energy:                        -0.311451548247
Total NEVPT2 energy:                           -2597.448318820851

Computing the QD-NEVPT2 effective Hamiltonian...

Initializing state-interaction spin–orbit coupling program...
Performing state-interaction spin–orbit coupling calculation within spin-free framework...

Note that SOC Hamiltionian is sf-X2C-1e+so-DKH1 instead of usual DKH. 

Calculating Wigner 1-RDM...
> CPU time for total None calculation     72.80 sec, wall time      2.62 sec

Summary of results for the DKH1-QD-NEVPT2 calculation with the SA-CASSCF reference:
------------------------------------------------------------------------------------------------------------------
  State    Degen.        E(total)            dE(a.u.)        dE(eV)      dE(nm)       dE(cm-1)      Osc Str.  
------------------------------------------------------------------------------------------------------------------
    1        1        -2597.452985581895     0.00000000       0.0000                      0.0000               
    2        1        -2597.452985581895     0.00000000       0.0000                      0.0000               
    3        1        -2597.452985581776     0.00000000       0.0000                      0.0000               
    4        1        -2597.452985581776     0.00000000       0.0000                      0.0000               
    5        1        -2597.438985299073     0.01400028       0.3810    3254.4594      3072.7069     0.00000000
    6        1        -2597.438985299072     0.01400028       0.3810    3254.4594      3072.7069     0.00000000
----------------------------------------------------------------------------------------------------------------
> CPU time for total SOC-NEVPT2 calculation     92.31 sec, wall time      3.24 sec
  oscillator strengths returned: 5 values, max 1.076e-24
      (meaningless for a free atom -- what matters is that kernel() returns them at all, since that is the borrowed intensity HOX needs)
  6 spin-orbit states:
      0    -2597.4529855819 Ha           0.00 cm-1
      1    -2597.4529855819 Ha           0.00 cm-1
      2    -2597.4529855818 Ha           0.00 cm-1
      3    -2597.4529855818 Ha           0.00 cm-1
      4    -2597.4389852991 Ha        3072.71 cm-1
      5    -2597.4389852991 Ha        3072.71 cm-1
  degeneracy pattern: [4, 2]   (want [4, 2])
  wall time     9.5 s

========================================================================
== fine structure 2P_1/2 - 2P_3/2
========================================================================
  atom     calc/cm-1    obs/cm-1       err    wall/s
    Cl        844.54      882.35     -4.3%       5.3
    Br       3072.71     3685.24    -16.6%       9.5

Reading the result:
  within a few %          toolchain is sound; go on to the molecular test.
  right sign, 20-30% off  plausible for Br at this basis -- basis quality and
                          scalar relativity, not a broken pipeline.
  wrong degeneracy, or
  wrong sign              misconfigured. Do not build on it.

The wall times feed the Phase 1 go/no-go, but only weakly: an atom is far
cheaper than a triatomic, and the raster cost is set by the molecule.
03_soc_hocl_vertical.py measures the real thing. What these times DO tell you
is how steeply cost climbs from Cl to Br, which is the relevant gradient for
whether HOBr and eventually HOI stay affordable.

