==============================================================================
== HOX Phase 1 prerequisite -- EOM-CCSD across O-H stretch and bend
== def2-tzvp, Cs, 4 EOM triplet roots, 34 points
==============================================================================

     cut r(OCl)  r(OH)  angle   T1(S) omega 3A" root0  gap any  gap A"    w1 conv  t/s
      oh  1.689  0.750  103.0  0.0071    3.5234    A"    1.019   3.710  0.95  yes   22
      oh  1.689  0.800  103.0  0.0071    3.5055    A"    1.021   3.702  0.95  yes   24
      oh  1.689  0.850  103.0  0.0072    3.4857    A"    1.023   3.692  0.95  yes   24
      oh  1.689  0.900  103.0  0.0074    3.4637    A"    1.027   3.679  0.95  yes   24
      oh  1.689  0.950  103.0  0.0075    3.4394    A"    1.031   3.660  0.95  yes   24
      oh  1.689  0.964  103.0  0.0076    3.4320    A"    1.032   3.651  0.95  yes   25
      oh  1.689  1.000  103.0  0.0077    3.4125    A"    1.036   3.618  0.95  yes   26
      oh  1.689  1.050  103.0  0.0079    3.3823    A"    1.041   3.492  0.95  yes   21
      oh  1.689  1.100  103.0  0.0081    3.3480    A"    1.046   3.192  0.95  yes   20
      oh  1.689  1.150  103.0  0.0084    3.3079    A"    1.051   2.809  0.95  yes   22
      oh  1.689  1.200  103.0  0.0088    3.2599    A"    1.054   2.419  0.94  yes   26
      oh  1.689  1.250  103.0  0.0091    3.2004    A"    1.051   2.056  0.94  yes   25
    bend  1.689  0.964   75.0  0.0079    3.3315    A"    1.045   3.787  0.95  yes   26
    bend  1.689  0.964   80.0  0.0078    3.3842    A"    1.058   3.762  0.95  yes   25
    bend  1.689  0.964   85.0  0.0077    3.4225    A"    1.065   3.738  0.95  yes   25
    bend  1.689  0.964   90.0  0.0076    3.4460    A"    1.066   3.714  0.95  yes   27
    bend  1.689  0.964   95.0  0.0076    3.4539    A"    1.059   3.690  0.95  yes   26
    bend  1.689  0.964  100.0  0.0076    3.4452    A"    1.045   3.665  0.95  yes   23
    bend  1.689  0.964  103.0  0.0076    3.4320    A"    1.032   3.651  0.95  yes   24
    bend  1.689  0.964  105.0  0.0076    3.4193    A"    1.022   3.641  0.95  yes   25
    bend  1.689  0.964  110.0  0.0076    3.3754    A"    0.989   3.618  0.95  yes   25
    bend  1.689  0.964  115.0  0.0077    3.3136    A"    0.946   3.596  0.95  yes   28
    bend  1.689  0.964  120.0  0.0078    3.2340    A"    0.893   3.575  0.95  yes   27
    bend  1.689  0.964  125.0  0.0079    3.1376    A"    0.829   3.556  0.95  yes   26
    bend  1.689  0.964  130.0  0.0081    3.0258    A"    0.755   3.539  0.95  yes   25
    bend  1.689  0.964  135.0  0.0083    2.9006    A"    0.671   3.524  0.95  yes   24
  corner  1.600  0.850   85.0  0.0070    4.0359    A"    1.105   4.267  0.95  yes   22
  corner  1.600  0.850  120.0  0.0069    3.9722    A"    0.881   4.209  0.95  yes   21
  corner  1.600  1.100   85.0  0.0078    3.9142    A"    0.988   2.383  0.95  yes   21
  corner  1.600  1.100  120.0  0.0081    3.6429    A"    0.957   2.968  0.95  yes   26
  corner  1.850  0.850   85.0  0.0086    2.4326    A"    1.041   2.694  0.94  yes   20
  corner  1.850  0.850  120.0  0.0086    2.2627    A"    0.786   2.573  0.94  yes   21
  corner  1.850  1.100   85.0  0.0094    2.3957    A"    1.016   2.691  0.94  yes   25
  corner  1.850  1.100  120.0  0.0100    2.1363    A"    0.871   2.579  0.94  yes   21

  wrote hocl_eom_coordinates.csv

==============================================================================
== verdict
==============================================================================

  oh cut, 0.75-1.25 A:
    max T1(S) 0.0091   min gap to next 3A" 2.06 eV   roughness omega 0.4 meV, V_T 9.5 meV

  bend cut, 75-135 deg:
    max T1(S) 0.0083   min gap to next 3A" 3.52 eV   roughness omega 0.6 meV, V_T 0.3 meV

  corners:
    r(O-Cl) 1.60  r(O-H) 0.85   85.0 deg: T1 0.0070  omega 4.036 eV  root0 A"
    r(O-Cl) 1.60  r(O-H) 0.85  120.0 deg: T1 0.0069  omega 3.972 eV  root0 A"
    r(O-Cl) 1.60  r(O-H) 1.10   85.0 deg: T1 0.0078  omega 3.914 eV  root0 A"
    r(O-Cl) 1.60  r(O-H) 1.10  120.0 deg: T1 0.0081  omega 3.643 eV  root0 A"
    r(O-Cl) 1.85  r(O-H) 0.85   85.0 deg: T1 0.0086  omega 2.433 eV  root0 A"
    r(O-Cl) 1.85  r(O-H) 0.85  120.0 deg: T1 0.0086  omega 2.263 eV  root0 A"
    r(O-Cl) 1.85  r(O-H) 1.10   85.0 deg: T1 0.0094  omega 2.396 eV  root0 A"
    r(O-Cl) 1.85  r(O-H) 1.10  120.0 deg: T1 0.0100  omega 2.136 eV  root0 A"

  consistency: omega at the 09 geometry 3.4320 eV, 09 gave 3.4320 (-0.0 meV)

  -> CCSD(T) + EOM-CCSD is sound along the O-H stretch, the bend and the corners
     of the Franck-Condon region. Cleared for the 3D raster.
