Traceback (most recent call last):
  File "/home/johan/projects/strix-halo-photodissociation-dynamics/HOX/07_fc_active_space.py", line 479, in main
    row = solve_space(r, ctxs[r], no, nv, args)
          ^^^^^^^^^^^^^^^^^^^^^^^^^^^^^^^^^^^^^
  File "/home/johan/projects/strix-halo-photodissociation-dynamics/HOX/07_fc_active_space.py", line 315, in solve_space
    mc_t.kernel(mo)
  File "/home/johan/miniforge3/envs/qc/lib/python3.12/site-packages/pyscf/mcscf/mc1step_symm.py", line 73, in kernel
    _kern(self, mo_coeff,
  File "/home/johan/miniforge3/envs/qc/lib/python3.12/site-packages/pyscf/mcscf/mc1step.py", line 354, in kernel
    e_tot, e_cas, fcivec = casscf.casci(mo, ci0, eris, log, locals())
                           ^^^^^^^^^^^^^^^^^^^^^^^^^^^^^^^^^^^^^^^^^^
  File "/home/johan/miniforge3/envs/qc/lib/python3.12/site-packages/pyscf/mcscf/mc1step.py", line 892, in casci
    e_tot, e_cas, fcivec = casci.kernel(fcasci, mo_coeff, ci0, log,
                           ^^^^^^^^^^^^^^^^^^^^^^^^^^^^^^^^^^^^^^^^
  File "/home/johan/miniforge3/envs/qc/lib/python3.12/site-packages/pyscf/mcscf/casci.py", line 609, in kernel
    e_tot, fcivec = casci.fcisolver.kernel(h1eff, eri_cas, ncas, nelecas,
                    ^^^^^^^^^^^^^^^^^^^^^^^^^^^^^^^^^^^^^^^^^^^^^^^^^^^^^
  File "/home/johan/miniforge3/envs/qc/lib/python3.12/site-packages/pyscf/mcscf/addons.py", line 945, in kernel
    return numpy.einsum('i,i->', e, self.weights), c
           ^^^^^^^^^^^^^^^^^^^^^^^^^^^^^^^^^^^^^^
  File "/home/johan/.local/lib/python3.12/site-packages/numpy/_core/einsumfunc.py", line 1610, in einsum
    return c_einsum(*operands, **kwargs)
           ^^^^^^^^^^^^^^^^^^^^^^^^^^^^^
ValueError: einstein sum subscripts string contains too many subscripts for operand 0
==============================================================================
== HOX Phase 0.5 -- one active space through the Franck-Condon window
== def2-tzvp, AVAS ['Cl 3p', 'O 2p'] (minao ano), spaces CAS(10,6)
== r = 1.6891 to 1.6891 A, step 0.05, equilibrium 1.6891 A; triplet SA over 1 3A" roots, singlet 1
==============================================================================

  1. AVAS projection eigenvalues (occupied top 8 | virtual top 3)
     AVAS keeps those above 0.2. 'mine' is the count from these eigenvalues,
     'pyscf' a real avas.avas call; they must agree.

  1.6891  1.00 1.00 0.99 0.98 0.91 0.24 0.00 0.00 | 0.76 0.09 0.02   mine CAS(12, 7) pyscf CAS(12, 7)

     character of occupied #5 and virtual #1 (against the full minao basis):
  1.6891  occ #5: O 2p 0.68, H 1s 0.18, Cl 3p 0.06    vir #1: Cl 3p 0.62, O 2p 0.39, Cl 3s 0.05

  CAS(10,6): 5 occupied + 1 virtual active
      r/A conv S/T      E(S) NEV/Ha      E(T) NEV/Ha  dE CAS  dE NEV     nm   t/s
   1.6891  FAILED: ValueError: einstein sum subscripts string contains too many subscripts for operand 0

  wrote hocl_fc_eq_t1.csv
  wrote hocl_fc_eq_t1.png

==============================================================================
== verdict
==============================================================================

     space  converged  rough E(T)  rough dE  dE eq NEV   vs 03   vs 04  CPU-s/pt
    (10,6)  no results
  rough = largest deviation in meV from a smooth quartic through the window;
  above 10 meV is treated as a kink.
  (only 1 point(s): too few for a roughness check, so judged on convergence only)

  -> NEITHER space is usable across the window as it stands: each has an
     unconverged point, a missing point or a kink. See the tables above.

  References are not exact: 03 and 04 differ from each other by 0.034 eV.
  The triplet is state-averaged and the singlet is not, which biases the vertical
  energy slightly upward; rerun with --nroots-singlet 4 to see how much.

  total wall 1.8 min
