==============================================================================
== HOX Phase 0.5 -- dCCSD(T) along the O-Cl dissociation coordinate
== basis def2-tzvp, symmetry False, r = 1.5391 to 1.8891 A in 8 points
== equilibrium is r(O-Cl) = 1.6891 A
==============================================================================

      r/A           E(S)/Ha   T1(S)           E(T)/Ha   T1(T)   <S^2>  state    dE/eV  flags
    1.539     -536.78612213  0.0069     -536.62527494  0.0287  2.0000     --   4.3769  
    1.589     -536.79461894  0.0071     -536.64471574  0.0298  2.0000     --   4.0791  
    1.639     -536.79925105  0.0073     -536.66111448  0.0352  2.0000     --   3.7589  
    1.689     -536.80090289  0.0076     -536.67543392  0.0185  2.0000     --   3.4142  
    1.739     -536.80027648  0.0079     -536.68706802  0.0218  2.0000     --   3.0806  
    1.789     -536.79793333  0.0082     -536.69645077  0.0240  2.0000     --   2.7615  
    1.839     -536.79432603  0.0086     -536.70384586  0.0252  2.0000     --   2.4621  
    1.889     -536.78982164  0.0091     -536.70950838  0.0262  2.0000     --   2.1854  

  wrote hocl_scan_fc.csv
  wrote hocl_scan_fc.png

==============================================================================
== verdict
==============================================================================
  Triplet T1 stayed below 0.04 across the whole
  scan. The state-specific triplet surface is sound along the
  dissociation coordinate, which is what Phase 1 depends on.

  cost: 4775 CPU-s for 8 points = 597 CPU-s/point (150 s wall)
  a 3289-point raster at this rate: 545 CPU-hours = 34 h on 16 cores
