==============================================================================
== HOX Phase 0.5 -- the 3A" manifold along the O-Cl cut
== 4 roots, AVAS ['Cl 3p', 'O 2p'] (minao ano), def2-tzvp, SC-NEVPT2
== r = 3.2 to 3.6 A in 17 points
==============================================================================

     r/A      CAS conv            E0/Ha            E1/Ha            E2/Ha            E3/Ha  gap/eV    w0    w1  |mu0|  |mu1|   t/s
   3.200   (10,6)  yes    -536.64405217    -536.64119544    -536.63922124    -536.48939002   0.078  0.44  0.53   5.00   4.90    16  
   3.225   (10,6)  yes    -536.64396912    -536.64124136    -536.63938521    -536.48950943   0.074  0.44  0.53   5.08   4.97    17  
   3.250   (10,6)  yes    -536.64388698    -536.64127640    -536.63954434    -536.48961849   0.071  0.45  0.53   5.15   5.04    18  
   3.275   (10,6)  yes    -536.64380554    -536.64130509    -536.63968383    -536.48971813   0.068  0.45  0.53   5.23   5.12    18  
   3.300   (10,6)  yes    -536.64372884    -536.64134622    -536.63981127    -536.48980916   0.065  0.45  0.53   5.30   5.19    18  
   3.325   (10,6)  yes    -536.64365962    -536.64137806    -536.63992804    -536.48989230   0.062  0.46  0.53   5.37   5.26    19  
   3.350   (10,6)  yes    -536.64359638    -536.64140221    -536.64003506    -536.48996817   0.060  0.46  0.54   5.44   5.33    17  
   3.375   (10,6)  yes    -536.64353765    -536.64142090    -536.64013313    -536.49003730   0.058  0.46  0.54   5.52   5.40    18  
   3.400   (10,6)  yes    -536.64347964    -536.64143816    -536.64022294    -536.49010014   0.056  0.46  0.54   5.59   5.47    16  
   3.425   (10,6)  yes    -536.64342167    -536.64145574    -536.64030463    -536.49015701   0.053  0.47  0.54   5.66   5.54    19  
   3.450   (10,6)  yes    -536.64336437    -536.64146982    -536.64037854    -536.49020825   0.052  0.47  0.54   5.72   5.61    19  
   3.475   (10,6)  yes    -536.64330819    -536.64148040    -536.64045069    -536.49025491   0.050  0.47  0.54   5.79   5.67    19  
   3.500   (10,6)  yes    -536.64325335    -536.64148836    -536.64051448    -536.49029875   0.048  0.47  0.54   5.86   5.74    17  
   3.525   (10,6)  yes    -536.64319996    -536.64149415    -536.64057285    -536.49033980   0.046  0.47  0.54   5.92   5.80    18  
   3.550   (10,6)  yes    -536.64314818    -536.64149806    -536.64062640    -536.49037736   0.045  0.48  0.54   5.99   5.87    18  
   3.575   (10,6)  yes    -536.64309817    -536.64150025    -536.64067561    -536.49041135   0.043  0.48  0.54   6.05   5.93    18  
   3.600   (10,6)  yes    -536.64305008    -536.64150088    -536.64072091    -536.49044209   0.042  0.48  0.54   6.12   5.99    18  

  wrote hocl_triplet_manifold_cas4.csv
  wrote hocl_triplet_manifold_cas4.png

==============================================================================
== verdict
==============================================================================
  smallest root 1 - root 0 gap: 0.042 eV at r = 3.60 A  (grid spacing 0.025 A)
  dipoles: root 0 |mu| 5.99 -> 6.12 D, root 1 5.87 -> 5.99 D across r = 3.55-3.60 A  -> not exchanged
  dominant-configuration weight dip near the minimum: root 0 -0.01, root 1 -0.01 below their scan medians  -> no localised mixing
  05 UCCSD(T) max T1 at r = 2.60 A, 1.00 A from the gap minimum

  -> INCONCLUSIVE at this resolution. Rerun on a narrow window around 3.60 A,
     e.g. --rmin 3.40 --rmax 3.80 --npoints 17.

  Landau-Zener: not estimated (no kinetic energy or parallel diabats at the crossing)

  cost: 9645 CPU-s over 17 points (567 CPU-s/point, 5.1 min wall)
