basis    aug-cc-pVTZ
r grid   22 points, 0.7-3.4 A (morse)
          0.70- 0.93 A:   6 pts, step 0.0437 A
          0.93- 1.31 A:   5 pts, step 0.0710 A
          1.31- 2.39 A:   5 pts, step 0.1742 A
          2.39- 3.40 A:   6 pts, step 0.1800 A
theta    13 points, 55.0-175.0 deg
points   3289 computed / 6292 full grid (52%, r1>=r2 symmetry)
resume   194 already in pes_grid.csv, 3095 remaining
estimate 7.7 core-hours => 0.26 h on 30 procs at 9 s/point

  25/3095  ok=24 bad=1  3773 pts/h  eta 48.8 min
  50/3095  ok=39 bad=11  3982 pts/h  eta 45.9 min
  75/3095  ok=63 bad=12  3679 pts/h  eta 49.3 min
  100/3095  ok=88 bad=12  3956 pts/h  eta 45.4 min
  125/3095  ok=113 bad=12  4291 pts/h  eta 41.5 min
  150/3095  ok=138 bad=12  4651 pts/h  eta 38.0 min
  175/3095  ok=163 bad=12  4898 pts/h  eta 35.8 min
  200/3095  ok=188 bad=12  5169 pts/h  eta 33.6 min
  225/3095  ok=213 bad=12  5363 pts/h  eta 32.1 min
  250/3095  ok=238 bad=12  5420 pts/h  eta 31.5 min
  275/3095  ok=263 bad=12  5331 pts/h  eta 31.7 min
  300/3095  ok=275 bad=25  5248 pts/h  eta 32.0 min
  325/3095  ok=300 bad=25  4947 pts/h  eta 33.6 min
  350/3095  ok=325 bad=25  4882 pts/h  eta 33.7 min
  375/3095  ok=350 bad=25  4949 pts/h  eta 33.0 min
  400/3095  ok=375 bad=25  5083 pts/h  eta 31.8 min
  425/3095  ok=400 bad=25  5234 pts/h  eta 30.6 min
  450/3095  ok=425 bad=25  5327 pts/h  eta 29.8 min
  475/3095  ok=450 bad=25  5374 pts/h  eta 29.3 min
  500/3095  ok=475 bad=25  5442 pts/h  eta 28.6 min
  525/3095  ok=498 bad=27  5351 pts/h  eta 28.8 min
  550/3095  ok=515 bad=35  5273 pts/h  eta 29.0 min
  575/3095  ok=538 bad=37  5108 pts/h  eta 29.6 min
  600/3095  ok=563 bad=37  5033 pts/h  eta 29.7 min
  625/3095  ok=588 bad=37  5072 pts/h  eta 29.2 min
  650/3095  ok=613 bad=37  5174 pts/h  eta 28.4 min
  675/3095  ok=638 bad=37  5272 pts/h  eta 27.5 min
  700/3095  ok=663 bad=37  5339 pts/h  eta 26.9 min
  725/3095  ok=688 bad=37  5385 pts/h  eta 26.4 min
  750/3095  ok=713 bad=37  5435 pts/h  eta 25.9 min
  775/3095  ok=737 bad=38  5396 pts/h  eta 25.8 min
  800/3095  ok=756 bad=44  5346 pts/h  eta 25.8 min
  825/3095  ok=776 bad=49  5231 pts/h  eta 26.0 min
  850/3095  ok=801 bad=49  5158 pts/h  eta 26.1 min
  875/3095  ok=826 bad=49  5199 pts/h  eta 25.6 min
  900/3095  ok=851 bad=49  5268 pts/h  eta 25.0 min
  925/3095  ok=876 bad=49  5332 pts/h  eta 24.4 min
  950/3095  ok=901 bad=49  5383 pts/h  eta 23.9 min
  975/3095  ok=926 bad=49  5410 pts/h  eta 23.5 min
  1000/3095  ok=950 bad=50  5433 pts/h  eta 23.1 min
  1025/3095  ok=974 bad=51  5432 pts/h  eta 22.9 min
  1050/3095  ok=996 bad=54  5411 pts/h  eta 22.7 min
  1075/3095  ok=1016 bad=59  5315 pts/h  eta 22.8 min
  1100/3095  ok=1041 bad=59  5248 pts/h  eta 22.8 min
  1125/3095  ok=1066 bad=59  5264 pts/h  eta 22.5 min
  1150/3095  ok=1091 bad=59  5312 pts/h  eta 22.0 min
  1175/3095  ok=1116 bad=59  5355 pts/h  eta 21.5 min
  1200/3095  ok=1141 bad=59  5379 pts/h  eta 21.1 min
  1225/3095  ok=1166 bad=59  5411 pts/h  eta 20.7 min
  1250/3095  ok=1191 bad=59  5438 pts/h  eta 20.4 min
  1275/3095  ok=1214 bad=61  5424 pts/h  eta 20.1 min
  1300/3095  ok=1234 bad=66  5395 pts/h  eta 20.0 min
  1325/3095  ok=1254 bad=71  5298 pts/h  eta 20.0 min
  1350/3095  ok=1279 bad=71  5268 pts/h  eta 19.9 min
  1375/3095  ok=1304 bad=71  5265 pts/h  eta 19.6 min
  1400/3095  ok=1329 bad=71  5296 pts/h  eta 19.2 min
  1425/3095  ok=1354 bad=71  5335 pts/h  eta 18.8 min
  1450/3095  ok=1379 bad=71  5358 pts/h  eta 18.4 min
  1475/3095  ok=1404 bad=71  5380 pts/h  eta 18.1 min
  1500/3095  ok=1429 bad=71  5412 pts/h  eta 17.7 min
  1525/3095  ok=1454 bad=71  5420 pts/h  eta 17.4 min
  1550/3095  ok=1473 bad=77  5355 pts/h  eta 17.3 min
  1575/3095  ok=1491 bad=84  5300 pts/h  eta 17.2 min
  1600/3095  ok=1516 bad=84  5262 pts/h  eta 17.0 min
  1625/3095  ok=1541 bad=84  5268 pts/h  eta 16.7 min
  1650/3095  ok=1566 bad=84  5288 pts/h  eta 16.4 min
  1675/3095  ok=1591 bad=84  5306 pts/h  eta 16.1 min
  1700/3095  ok=1616 bad=84  5336 pts/h  eta 15.7 min
  1725/3095  ok=1641 bad=84  5357 pts/h  eta 15.3 min
  1750/3095  ok=1666 bad=84  5373 pts/h  eta 15.0 min
  1775/3095  ok=1691 bad=84  5381 pts/h  eta 14.7 min
  1800/3095  ok=1714 bad=86  5362 pts/h  eta 14.5 min
  1825/3095  ok=1731 bad=94  5320 pts/h  eta 14.3 min
  1850/3095  ok=1756 bad=94  5247 pts/h  eta 14.2 min
  1875/3095  ok=1781 bad=94  5238 pts/h  eta 14.0 min
  1900/3095  ok=1806 bad=94  5257 pts/h  eta 13.6 min
  1925/3095  ok=1831 bad=94  5269 pts/h  eta 13.3 min
  1950/3095  ok=1856 bad=94  5294 pts/h  eta 13.0 min
  1975/3095  ok=1881 bad=94  5308 pts/h  eta 12.7 min
  2000/3095  ok=1906 bad=94  5318 pts/h  eta 12.4 min
  2025/3095  ok=1931 bad=94  5335 pts/h  eta 12.0 min
  2050/3095  ok=1954 bad=96  5330 pts/h  eta 11.8 min
  2075/3095  ok=1975 bad=100  5329 pts/h  eta 11.5 min
  2100/3095  ok=1999 bad=101  5218 pts/h  eta 11.4 min
  2125/3095  ok=2024 bad=101  5187 pts/h  eta 11.2 min
  2150/3095  ok=2049 bad=101  5185 pts/h  eta 10.9 min
  2175/3095  ok=2074 bad=101  5195 pts/h  eta 10.6 min
  2200/3095  ok=2099 bad=101  5204 pts/h  eta 10.3 min
  2225/3095  ok=2124 bad=101  5211 pts/h  eta 10.0 min
  2250/3095  ok=2149 bad=101  5222 pts/h  eta 9.7 min
  2275/3095  ok=2174 bad=101  5236 pts/h  eta 9.4 min
  2300/3095  ok=2199 bad=101  5231 pts/h  eta 9.1 min
  2325/3095  ok=2220 bad=105  5211 pts/h  eta 8.9 min
  2350/3095  ok=2242 bad=108  5097 pts/h  eta 8.8 min
  2375/3095  ok=2266 bad=109  5050 pts/h  eta 8.6 min
  2400/3095  ok=2291 bad=109  5041 pts/h  eta 8.3 min
  2425/3095  ok=2316 bad=109  5043 pts/h  eta 8.0 min
  2450/3095  ok=2341 bad=109  5049 pts/h  eta 7.7 min
  2475/3095  ok=2366 bad=109  5067 pts/h  eta 7.3 min
  2500/3095  ok=2391 bad=109  5083 pts/h  eta 7.0 min
  2525/3095  ok=2416 bad=109  5090 pts/h  eta 6.7 min
  2550/3095  ok=2441 bad=109  5098 pts/h  eta 6.4 min
  2575/3095  ok=2465 bad=110  5089 pts/h  eta 6.1 min
  2600/3095  ok=2487 bad=113  4965 pts/h  eta 6.0 min
  2625/3095  ok=2512 bad=113  4906 pts/h  eta 5.7 min
  2650/3095  ok=2537 bad=113  4885 pts/h  eta 5.5 min
  2675/3095  ok=2562 bad=113  4881 pts/h  eta 5.2 min
  2700/3095  ok=2587 bad=113  4879 pts/h  eta 4.9 min
  2725/3095  ok=2612 bad=113  4891 pts/h  eta 4.5 min
  2750/3095  ok=2637 bad=113  4893 pts/h  eta 4.2 min
  2775/3095  ok=2662 bad=113  4901 pts/h  eta 3.9 min
  2800/3095  ok=2687 bad=113  4905 pts/h  eta 3.6 min
  2825/3095  ok=2709 bad=116  4910 pts/h  eta 3.3 min
  2850/3095  ok=2731 bad=119  4816 pts/h  eta 3.1 min
  2875/3095  ok=2756 bad=119  4719 pts/h  eta 2.8 min
  2900/3095  ok=2780 bad=120  4669 pts/h  eta 2.5 min
  2925/3095  ok=2804 bad=121  4655 pts/h  eta 2.2 min
  2950/3095  ok=2829 bad=121  4659 pts/h  eta 1.9 min
  2975/3095  ok=2853 bad=122  4661 pts/h  eta 1.5 min
  3000/3095  ok=2878 bad=122  4671 pts/h  eta 1.2 min
  3025/3095  ok=2902 bad=123  4683 pts/h  eta 0.9 min
  3050/3095  ok=2927 bad=123  4684 pts/h  eta 0.6 min
  3075/3095  ok=2950 bad=125  4688 pts/h  eta 0.3 min
  3095/3095  ok=2967 bad=128  4564 pts/h  eta 0.0 min

done: 2967 ok, 128 problematic, 40.7 min
inspect with: awk -F, '$15!="ok"' pes_grid.csv | head
basis    aug-cc-pVTZ
r grid   22 points, 0.7-3.4 A (morse)
          0.70- 0.93 A:   6 pts, step 0.0437 A
          0.93- 1.31 A:   5 pts, step 0.0710 A
          1.31- 2.39 A:   5 pts, step 0.1742 A
          2.39- 3.40 A:   6 pts, step 0.1800 A
theta    13 points, 55.0-175.0 deg
points   3289 computed / 6292 full grid (52%, r1>=r2 symmetry)
resume   3161 already in pes_grid.csv, 128 remaining
estimate 0.3 core-hours => 0.01 h on 30 procs at 9 s/point

  25/128  ok=25 bad=0  2832 pts/h  eta 2.2 min
  50/128  ok=50 bad=0  3334 pts/h  eta 1.4 min
  75/128  ok=75 bad=0  3426 pts/h  eta 0.9 min
  100/128  ok=100 bad=0  3466 pts/h  eta 0.5 min
  125/128  ok=116 bad=9  1634 pts/h  eta 0.1 min
  128/128  ok=116 bad=12  1502 pts/h  eta 0.0 min

done: 116 ok, 12 problematic, 5.1 min
inspect with: awk -F, '$15!="ok"' pes_grid.csv | head
