grid     (256, 128, 36)  dt = 1.0 a.u., 3000 steps = 72.6 fs
absorb   R from 8.00 bohr, r from 4.00 bohr, eta = 0.15 Ha
states   5 vibrational levels

energy resolution 2pi/T = 57.0 meV

  v=0  |mu chi| = 2.824647e-01
        step   1000  |S| = 7.042e-04
        step   2000  |S| = 1.211e-06
        step   3000  |S| = 4.038e-07
  v=1  |mu chi| = 2.758829e-01
        step   1000  |S| = 2.666e-04
        step   2000  |S| = 6.198e-06
        step   3000  |S| = 5.635e-07
  v=2  |mu chi| = 2.695716e-01
        step   1000  |S| = 4.870e-04
        step   2000  |S| = 1.248e-05
        step   3000  |S| = 3.475e-07
  v=3  |mu chi| = 2.727154e-01
        step   1000  |S| = 9.614e-04
        step   2000  |S| = 1.280e-05
        step   3000  |S| = 4.303e-06
  v=4  |mu chi| = 2.428731e-01
        step   1000  |S| = 1.337e-05
        step   2000  |S| = 1.042e-06
        step   3000  |S| = 1.331e-09

    T/K   peak/nm    peak sigma/cm2   FWHM/eV
    200     167.5         3.278e-18     0.941
    250     167.5         3.278e-18     0.941
    298     167.5         3.278e-18     0.941

wrote cross_section.npz
wrote cross_section.png
