basis=aug-cc-pVDZ  AVAS[O 2s O 2p H 1s]  A'->A"  angle=104.48 deg
scanning r1 0.8-1.2 A, 15 points, r2 fixed at 0.958 A

   r/A  E_cas/eV  E_nev/eV  E_adc/eV   mu_cas   mu_adc
 0.800     7.148     7.890     7.438   0.3681   0.5692
 0.829     7.086     7.825     7.363   0.3675   0.5703
 0.857     7.024     7.758     7.285   0.3654   0.5709
 0.886     6.994     7.728     7.203   0.3437   0.5707
 0.914     6.923     7.644     7.117   0.3419   0.5696
 0.943     6.849     7.554     7.026   0.3385   0.5675
 0.971     6.780     7.466     6.929   0.3288   0.5641
 1.000     6.713     7.379     6.826   0.3123   0.5592
 1.029     6.636     7.282     6.716   0.2928   0.5525
 1.057     6.550     7.179     6.597   0.2684   0.5438
 1.086     6.451     7.062     6.470   0.2403   0.5329
 1.114     6.331     6.922     6.332   0.2116   0.5198
 1.143     6.183     6.751     6.184   0.1848   0.5043
 1.171     6.008     6.552     6.026   0.1611   0.4868
 1.200     5.809     6.329     5.858   0.1405   0.4675

wrote tdm_scan.csv
wrote tdm_scan.png

FC window: r_eq 0.958 +/- sigma 0.0693 A => [0.889, 1.027]  (4 of 15 scan points)

                         full scan             FC window
               dlnmu/dr   delta mu   dlnmu/dr   delta mu
SA-CASSCF       -2.334     -61.8%     -1.049      -8.6%
EE-ADC(2)       -0.453     -17.9%     -0.216      -1.8%

ratio of FC-window log slopes: 4.87
Near 1.0 means the methods agree on the SHAPE of mu where chi_0 lives.
A large ratio is only a problem if it moves the observable: test that
by recomputing the cross section with constant mu and with each slope.
