============================================================================
== HOI 2D raster: CCSD(T) + EOM-CCSD triplets, cc-pvtz-dk, r(O-H) 0.9694 A
== 299 points (1.7-2.8 A x 75.0-135.0 deg), 299 to compute; 8 workers x 4 threads x 10000 MB
============================================================================
    [1/299] r 1.9 angle 75.0: ok (309.01 s)
    [2/299] r 1.8 angle 75.0: ok (316.72 s)
    [3/299] r 1.85 angle 75.0: ok (318.08 s)
    [4/299] r 1.95 angle 75.0: ok (344.43 s)
    [5/299] r 2.05 angle 75.0: ok (349.5 s)
    [6/299] r 1.75 angle 75.0: ok (360.9 s)
    [7/299] r 2.0 angle 75.0: ok (388.76 s)
    [8/299] r 1.7 angle 75.0: ok (400.27 s)
    [9/299] r 2.15 angle 75.0: ok (387.73 s)
    [10/299] r 2.2 angle 75.0: ok (391.84 s)
    [11/299] r 2.1 angle 75.0: ok (409.38 s)
    [12/299] r 2.3 angle 75.0: ok (410.21 s)
    [13/299] r 2.35 angle 75.0: ok (400.69 s)
    [14/299] r 2.4 angle 75.0: ok (374.57 s)
    [15/299] r 2.45 angle 75.0: ok (375.18 s)
    [16/299] r 2.25 angle 75.0: ok (454.93 s)
    [17/299] r 2.5 angle 75.0: ok (365.92 s)
    [18/299] r 2.6 angle 75.0: ok (354.83 s)
    [19/299] r 2.55 angle 75.0: ok (363.69 s)
    [20/299] r 2.65 angle 75.0: warn:w1 (354.65 s)
    [21/299] r 2.7 angle 75.0: warn:w1 (382.43 s)
    [22/299] r 2.8 angle 75.0: warn:Ap_below+w1 (380.79 s)
    [23/299] r 2.75 angle 75.0: warn:w1 (398.6 s)
    [24/299] r 1.7 angle 80.0: ok (427.45 s)
    [25/299] r 1.8 angle 80.0: ok (313.56 s)
    [26/299] r 1.85 angle 80.0: ok (318.84 s)
    [27/299] r 1.9 angle 80.0: ok (314.88 s)
    [28/299] r 1.75 angle 80.0: ok (371.94 s)
    [29/299] r 1.95 angle 80.0: ok (316.99 s)
    [30/299] r 2.0 angle 80.0: ok (379.59 s)
    [31/299] r 2.05 angle 80.0: ok (397.47 s)
    [32/299] r 2.1 angle 80.0: ok (400.33 s)
    [33/299] r 2.2 angle 80.0: ok (393.99 s)
    [34/299] r 2.15 angle 80.0: ok (407.71 s)
    [35/299] r 2.35 angle 80.0: ok (401.73 s)
    [36/299] r 2.3 angle 80.0: ok (433.95 s)
    [37/299] r 2.25 angle 80.0: ok (450.76 s)
    [38/299] r 2.4 angle 80.0: ok (379.9 s)
    [39/299] r 2.45 angle 80.0: ok (361.09 s)
    [40/299] r 2.5 angle 80.0: ok (359.55 s)
    [41/299] r 2.55 angle 80.0: ok (363.28 s)
    [42/299] r 2.6 angle 80.0: ok (359.26 s)
    [43/299] r 2.65 angle 80.0: warn:w1 (370.97 s)
    [44/299] r 2.7 angle 80.0: warn:w1 (365.87 s)
    [45/299] r 2.75 angle 80.0: warn:w1 (393.57 s)
    [46/299] r 2.8 angle 80.0: warn:Ap_below+w1 (363.77 s)
    [47/299] r 1.7 angle 85.0: ok (418.83 s)
    [48/299] r 1.75 angle 85.0: ok (377.01 s)
    [49/299] r 1.8 angle 85.0: ok (316.71 s)
    [50/299] r 1.85 angle 85.0: ok (321.67 s)
    [51/299] r 1.9 angle 85.0: ok (301.17 s)
    [52/299] r 1.95 angle 85.0: ok (350.3 s)
    [53/299] r 2.05 angle 85.0: ok (365.39 s)
    [54/299] r 2.0 angle 85.0: ok (380.62 s)
    [55/299] r 2.1 angle 85.0: ok (408.95 s)
    [56/299] r 2.15 angle 85.0: ok (405.47 s)
    [57/299] r 2.2 angle 85.0: ok (382.2 s)
    [58/299] r 2.25 angle 85.0: ok (457.85 s)
    [59/299] r 2.3 angle 85.0: ok (462.1 s)
    [60/299] r 2.35 angle 85.0: ok (404.72 s)
    [61/299] r 2.45 angle 85.0: ok (355.84 s)
    [62/299] r 2.4 angle 85.0: ok (395.45 s)
    [63/299] r 2.5 angle 85.0: ok (357.37 s)
    [64/299] r 2.55 angle 85.0: ok (359.83 s)
    [65/299] r 2.6 angle 85.0: ok (359.36 s)
    [66/299] r 2.65 angle 85.0: warn:w1 (365.47 s)
    [67/299] r 2.7 angle 85.0: warn:w1 (367.41 s)
    [68/299] r 2.8 angle 85.0: warn:Ap_below+w1 (373.49 s)
    [69/299] r 2.75 angle 85.0: warn:w1 (390.9 s)
    [70/299] r 1.8 angle 90.0: ok (317.56 s)
    [71/299] r 1.7 angle 90.0: ok (434.29 s)
    [72/299] r 1.75 angle 90.0: ok (379.09 s)
    [73/299] r 1.85 angle 90.0: ok (307.29 s)
    [74/299] r 1.9 angle 90.0: ok (316.38 s)
    [75/299] r 1.95 angle 90.0: ok (345.27 s)
    [76/299] r 2.0 angle 90.0: ok (374.47 s)
    [77/299] r 2.05 angle 90.0: ok (404.28 s)
    [78/299] r 2.15 angle 90.0: ok (389.6 s)
    [79/299] r 2.1 angle 90.0: ok (420.29 s)
    [80/299] r 2.2 angle 90.0: ok (390.63 s)
    [81/299] r 2.25 angle 90.0: ok (417.02 s)
    [82/299] r 2.3 angle 90.0: ok (472.3 s)
    [83/299] r 2.35 angle 90.0: ok (403.24 s)
    [84/299] r 2.4 angle 90.0: ok (391.78 s)
    [85/299] r 2.45 angle 90.0: ok (360.46 s)
    [86/299] r 2.5 angle 90.0: ok (363.19 s)
    [87/299] r 2.55 angle 90.0: ok (366.03 s)
    [88/299] r 2.6 angle 90.0: ok (360.16 s)
    [89/299] r 2.65 angle 90.0: warn:w1 (354.53 s)
    [90/299] r 2.7 angle 90.0: warn:w1 (373.63 s)
    [91/299] r 2.75 angle 90.0: warn:w1 (392.78 s)
    [92/299] r 2.8 angle 90.0: warn:Ap_below+w1 (391.1 s)
    [93/299] r 1.85 angle 95.0: ok (316.77 s)
    [94/299] r 1.7 angle 95.0: ok (425.8 s)
    [95/299] r 1.8 angle 95.0: ok (365.52 s)
    [96/299] r 1.75 angle 95.0: ok (374.99 s)
    [97/299] r 1.9 angle 95.0: ok (320.72 s)
    [98/299] r 1.95 angle 95.0: ok (369.86 s)
    [99/299] r 2.0 angle 95.0: ok (352.96 s)
    [100/299] r 2.05 angle 95.0: ok (404.41 s)
    [101/299] r 2.1 angle 95.0: ok (421.1 s)
    [102/299] r 2.2 angle 95.0: ok (390.31 s)
    [103/299] r 2.15 angle 95.0: ok (421.51 s)
    [104/299] r 2.25 angle 95.0: ok (435.88 s)
    [105/299] r 2.3 angle 95.0: ok (462.35 s)
    [106/299] r 2.4 angle 95.0: ok (356.05 s)
    [107/299] r 2.35 angle 95.0: ok (401.88 s)
    [108/299] r 2.45 angle 95.0: ok (359.9 s)
    [109/299] r 2.5 angle 95.0: ok (356.73 s)
    [110/299] r 2.55 angle 95.0: ok (361.38 s)
    [111/299] r 2.6 angle 95.0: ok (371.59 s)
    [112/299] r 2.65 angle 95.0: warn:w1 (354.21 s)
    [113/299] r 2.7 angle 95.0: warn:w1 (381.9 s)
    [114/299] r 2.75 angle 95.0: warn:w1 (370.68 s)
    [115/299] r 2.8 angle 95.0: warn:Ap_below+w1 (386.88 s)
    [116/299] r 1.85 angle 100.0: ok (308.51 s)
    [117/299] r 1.9 angle 100.0: ok (311.73 s)
    [118/299] r 1.75 angle 100.0: ok (387.39 s)
    [119/299] r 1.8 angle 100.0: ok (370.85 s)
    [120/299] r 1.7 angle 100.0: ok (429.09 s)
    [121/299] r 1.95 angle 100.0: ok (360.63 s)
    [122/299] r 2.0 angle 100.0: ok (394.9 s)
    [123/299] r 2.05 angle 100.0: ok (413.24 s)
    [124/299] r 2.1 angle 100.0: ok (422.74 s)
    [125/299] r 2.15 angle 100.0: ok (412.97 s)
    [126/299] r 2.2 angle 100.0: ok (399.71 s)
    [127/299] r 2.25 angle 100.0: ok (443.53 s)
    [128/299] r 2.3 angle 100.0: ok (470.99 s)
    [129/299] r 2.35 angle 100.0: ok (422.52 s)
    [130/299] r 2.4 angle 100.0: ok (395.19 s)
    [131/299] r 2.45 angle 100.0: ok (355.28 s)
    [132/299] r 2.5 angle 100.0: ok (353.66 s)
    [133/299] r 2.55 angle 100.0: ok (357.37 s)
    [134/299] r 2.6 angle 100.0: ok (381.66 s)
    [135/299] r 2.65 angle 100.0: warn:w1 (359.93 s)
    [136/299] r 2.7 angle 100.0: warn:w1 (387.98 s)
    [137/299] r 2.75 angle 100.0: warn:Ap_below+w1 (375.7 s)
    [138/299] r 2.8 angle 100.0: warn:Ap_below+w1 (366.19 s)
    [139/299] r 1.7 angle 105.0: ok (416.13 s)
    [140/299] r 1.85 angle 105.0: ok (315.54 s)
    [141/299] r 1.8 angle 105.0: ok (354.24 s)
    [142/299] r 1.75 angle 105.0: ok (378.1 s)
    [143/299] r 1.9 angle 105.0: ok (351.59 s)
    [144/299] r 1.95 angle 105.0: ok (377.61 s)
    [145/299] r 2.0 angle 105.0: ok (398.66 s)
    [146/299] r 2.05 angle 105.0: ok (399.56 s)
    [147/299] r 2.1 angle 105.0: ok (413.72 s)
    [148/299] r 2.15 angle 105.0: ok (407.71 s)
    [149/299] r 2.2 angle 105.0: ok (407.4 s)
    [150/299] r 2.25 angle 105.0: ok (450.54 s)
    [151/299] r 2.3 angle 105.0: ok (452.3 s)
    [152/299] r 2.35 angle 105.0: ok (393.03 s)
    [153/299] r 2.4 angle 105.0: ok (395.33 s)
    [154/299] r 2.45 angle 105.0: ok (347.9 s)
    [155/299] r 2.55 angle 105.0: ok (365.65 s)
    [156/299] r 2.6 angle 105.0: ok (353.17 s)
    [157/299] r 2.5 angle 105.0: ok (372.43 s)
    [158/299] r 2.65 angle 105.0: warn:w1 (354.04 s)
    [159/299] r 2.7 angle 105.0: warn:w1 (385.22 s)
    [160/299] r 2.75 angle 105.0: warn:Ap_below+w1 (386.31 s)
    [161/299] r 2.8 angle 105.0: warn:Ap_below+w1 (374.42 s)
    [162/299] r 1.7 angle 110.0: ok (403.27 s)
    [163/299] r 1.85 angle 110.0: ok (327.28 s)
    [164/299] r 1.8 angle 110.0: ok (358.46 s)
    [165/299] r 1.9 angle 110.0: ok (345.78 s)
    [166/299] r 1.75 angle 110.0: ok (423.38 s)
    [167/299] r 1.95 angle 110.0: ok (393.42 s)
    [168/299] r 2.0 angle 110.0: ok (410.2 s)
    [169/299] r 2.05 angle 110.0: ok (394.75 s)
    [170/299] r 2.15 angle 110.0: ok (398.72 s)
    [171/299] r 2.1 angle 110.0: ok (425.92 s)
    [172/299] r 2.2 angle 110.0: ok (453.16 s)
    [173/299] r 2.25 angle 110.0: ok (443.91 s)
    [174/299] r 2.3 angle 110.0: ok (444.94 s)
    [175/299] r 2.35 angle 110.0: ok (385.98 s)
    [176/299] r 2.45 angle 110.0: ok (356.91 s)
    [177/299] r 2.4 angle 110.0: ok (398.98 s)
    [178/299] r 2.55 angle 110.0: ok (357.47 s)
    [179/299] r 2.5 angle 110.0: ok (367.1 s)
    [180/299] r 2.6 angle 110.0: ok (353.42 s)
    [181/299] r 2.65 angle 110.0: warn:w1 (352.6 s)
    [182/299] r 2.7 angle 110.0: warn:w1 (384.08 s)
    [183/299] r 2.75 angle 110.0: warn:Ap_below+w1 (375.31 s)
    [184/299] r 2.8 angle 110.0: warn:Ap_below+w1 (364.3 s)
    [185/299] r 1.7 angle 115.0: ok (433.27 s)
    [186/299] r 1.8 angle 115.0: ok (375.72 s)
    [187/299] r 1.85 angle 115.0: ok (320.0 s)
    [188/299] r 1.75 angle 115.0: ok (415.53 s)
    [189/299] r 1.9 angle 115.0: ok (355.31 s)
    [190/299] r 1.95 angle 115.0: ok (408.28 s)
    [191/299] r 2.0 angle 115.0: ok (417.66 s)
    [192/299] r 2.05 angle 115.0: ok (419.76 s)
    [193/299] r 2.1 angle 115.0: ok (436.91 s)
    [194/299] r 2.15 angle 115.0: ok (411.77 s)
    [195/299] r 2.2 angle 115.0: ok (440.61 s)
    [196/299] r 2.25 angle 115.0: ok (449.31 s)
    [197/299] r 2.3 angle 115.0: ok (432.29 s)
    [198/299] r 2.35 angle 115.0: ok (401.08 s)
    [199/299] r 2.45 angle 115.0: ok (351.7 s)
    [200/299] r 2.4 angle 115.0: ok (383.43 s)
    [201/299] r 2.5 angle 115.0: ok (362.89 s)
    [202/299] r 2.55 angle 115.0: ok (361.61 s)
    [203/299] r 2.6 angle 115.0: ok (359.32 s)
    [204/299] r 2.65 angle 115.0: warn:w1 (354.25 s)
    [205/299] r 2.7 angle 115.0: warn:Ap_below+w1 (381.47 s)
    [206/299] r 2.75 angle 115.0: warn:Ap_below+w1 (385.19 s)
    [207/299] r 2.8 angle 115.0: warn:Ap_below+w1 (383.27 s)
    [208/299] r 1.7 angle 120.0: ok (423.22 s)
    [209/299] r 1.85 angle 120.0: ok (324.16 s)
    [210/299] r 1.8 angle 120.0: ok (380.75 s)
    [211/299] r 1.75 angle 120.0: ok (450.95 s)
    [212/299] r 1.9 angle 120.0: ok (370.21 s)
    [213/299] r 1.95 angle 120.0: ok (380.84 s)
    [214/299] r 2.0 angle 120.0: ok (431.44 s)
    [215/299] r 2.05 angle 120.0: ok (423.53 s)
    [216/299] r 2.1 angle 120.0: ok (419.47 s)
    [217/299] r 2.15 angle 120.0: ok (393.43 s)
    [218/299] r 2.2 angle 120.0: ok (443.56 s)
    [219/299] r 2.3 angle 120.0: ok (411.56 s)
    [220/299] r 2.35 angle 120.0: ok (398.45 s)
    [221/299] r 2.25 angle 120.0: ok (492.77 s)
    [222/299] r 2.45 angle 120.0: ok (361.23 s)
    [223/299] r 2.4 angle 120.0: ok (406.45 s)
    [224/299] r 2.5 angle 120.0: ok (361.51 s)
    [225/299] r 2.55 angle 120.0: ok (351.89 s)
    [226/299] r 2.6 angle 120.0: warn:w1 (366.22 s)
    [227/299] r 2.65 angle 120.0: warn:w1 (348.73 s)
    [228/299] r 2.7 angle 120.0: warn:Ap_below+w1 (372.58 s)
    [229/299] r 2.75 angle 120.0: warn:Ap_below+w1 (390.5 s)
    [230/299] r 2.8 angle 120.0: warn:Ap_below+w1 (374.43 s)
    [231/299] r 1.75 angle 125.0: ok (416.03 s)
    [232/299] r 1.7 angle 125.0: ok (424.6 s)
    [233/299] r 1.8 angle 125.0: ok (358.03 s)
    [234/299] r 1.85 angle 125.0: ok (355.81 s)
    [235/299] r 1.9 angle 125.0: ok (383.77 s)
    [236/299] r 1.95 angle 125.0: ok (410.84 s)
    [237/299] r 2.0 angle 125.0: ok (428.51 s)
    [238/299] r 2.05 angle 125.0: ok (435.18 s)
    [239/299] r 2.15 angle 125.0: ok (407.03 s)
    [240/299] r 2.1 angle 125.0: ok (425.34 s)
    [241/299] r 2.2 angle 125.0: ok (432.39 s)
    [242/299] r 2.3 angle 125.0: ok (372.14 s)
    [243/299] r 2.25 angle 125.0: ok (469.17 s)
    [244/299] r 2.35 angle 125.0: ok (382.41 s)
    [245/299] r 2.4 angle 125.0: ok (375.37 s)
    [246/299] r 2.45 angle 125.0: ok (364.66 s)
    [247/299] r 2.5 angle 125.0: ok (361.19 s)
    [248/299] r 2.6 angle 125.0: warn:w1 (363.45 s)
    [249/299] r 2.55 angle 125.0: ok (392.35 s)
    [250/299] r 2.65 angle 125.0: warn:Ap_below+w1 (360.79 s)
    [251/299] r 2.7 angle 125.0: warn:Ap_below+w1 (384.47 s)
    [252/299] r 2.75 angle 125.0: warn:Ap_below+w1 (381.17 s)
    [253/299] r 2.8 angle 125.0: warn:Ap_below+w1 (368.14 s)
    [254/299] r 1.7 angle 130.0: ok (418.38 s)
    [255/299] r 1.8 angle 130.0: ok (365.04 s)
    [256/299] r 1.85 angle 130.0: ok (362.13 s)
    [257/299] r 1.75 angle 130.0: ok (431.16 s)
    [258/299] r 1.9 angle 130.0: ok (391.17 s)
    [259/299] r 1.95 angle 130.0: ok (418.31 s)
    [260/299] r 2.0 angle 130.0: ok (417.79 s)
    [261/299] r 2.05 angle 130.0: ok (429.21 s)
    [262/299] r 2.1 angle 130.0: ok (410.02 s)
    [263/299] r 2.15 angle 130.0: ok (435.89 s)
    [264/299] r 2.3 angle 130.0: ok (396.36 s)
    [265/299] r 2.2 angle 130.0: ok (464.47 s)
    [266/299] r 2.25 angle 130.0: ok (457.51 s)
    [267/299] r 2.35 angle 130.0: ok (399.54 s)
    [268/299] r 2.4 angle 130.0: ok (379.91 s)
    [269/299] r 2.45 angle 130.0: ok (392.32 s)
    [270/299] r 2.5 angle 130.0: ok (390.79 s)
    [271/299] r 2.55 angle 130.0: ok (356.53 s)
    [272/299] r 2.6 angle 130.0: warn:Ap_below+w1 (375.98 s)
    [273/299] r 2.65 angle 130.0: warn:Ap_below+w1 (382.67 s)
    [274/299] r 2.7 angle 130.0: warn:Ap_below+w1 (393.66 s)
    [275/299] r 2.75 angle 130.0: warn:Ap_below+w1 (378.81 s)
    [276/299] r 2.8 angle 130.0: warn:Ap_below+w1 (365.48 s)
    [277/299] r 1.7 angle 135.0: ok (471.26 s)
    [278/299] r 1.8 angle 135.0: ok (350.75 s)
    [279/299] r 1.75 angle 135.0: ok (419.94 s)
    [280/299] r 1.85 angle 135.0: ok (361.09 s)
    [281/299] r 1.9 angle 135.0: ok (407.32 s)
    [282/299] r 1.95 angle 135.0: ok (433.2 s)
    [283/299] r 2.05 angle 135.0: ok (406.94 s)
    [284/299] r 2.0 angle 135.0: ok (449.88 s)
    [285/299] r 2.15 angle 135.0: warn:Ap_below (342.78 s)
    [286/299] r 2.1 angle 135.0: warn:Ap_below (381.72 s)
    [287/299] r 2.25 angle 135.0: ok (403.12 s)
    [288/299] r 2.2 angle 135.0: ok (470.9 s)
    [289/299] r 2.3 angle 135.0: ok (395.2 s)
    [290/299] r 2.35 angle 135.0: ok (390.06 s)
    [291/299] r 2.4 angle 135.0: ok (413.78 s)
    [292/299] r 2.45 angle 135.0: ok (383.54 s)
    [293/299] r 2.5 angle 135.0: ok (366.0 s)
    [294/299] r 2.6 angle 135.0: warn:Ap_below+w1 (323.55 s)
    [295/299] r 2.55 angle 135.0: warn:Ap_below (420.39 s)
    [296/299] r 2.7 angle 135.0: warn:Ap_below+w1 (299.46 s)
    [297/299] r 2.65 angle 135.0: warn:Ap_below+w1 (361.87 s)
    [298/299] r 2.75 angle 135.0: warn:Ap_below+w1 (320.64 s)
    [299/299] r 2.8 angle 135.0: warn:Ap_below+w1 (282.43 s)
  done in 242.4 min; csv /home/johan/projects/strix-halo-photodissociation-dynamics/HOX/HOI/data/hoi_raster_2d.csv
