============================================================================
== HOI: spin-orbit states along O-I
== cc-pvtz-dk, DKH1-QD-NEVPT2, fixed CAS(12,7), 10 Ms=0 roots
============================================================================
  21 radii, 21 to compute
    r = 1.7500: ok, E1-3 3.11564, 3.117946, 3.168703, 325.3 s
    r = 1.8000: ok, E1-3 2.966299, 2.969076, 3.021788, 282.4 s
    r = 1.8500: ok, E1-3 2.811711, 2.814414, 2.869068, 312.1 s
    r = 1.9000: ok, E1-3 2.658163, 2.660717, 2.716132, 284.0 s
    r = 1.9500: ok, E1-3 2.506666, 2.509176, 2.563701, 273.8 s
    r = 1.9907: ok, E1-3 2.383421, 2.386023, 2.438653, 312.0 s
    r = 2.0000: ok, E1-3 2.355902, 2.358545, 2.410562, 275.7 s
    r = 2.0500: ok, E1-3 2.203565, 2.206567, 2.254957, 316.3 s
    r = 2.1000: ok, E1-3 2.051289, 2.054927, 2.098896, 316.7 s
    r = 2.1500: ok, E1-3 1.896515, 1.901119, 1.940501, 317.7 s
    r = 2.2000: ok, E1-3 1.74421, 1.750166, 1.784808, 313.1 s
    r = 2.2500: ok, E1-3 1.592135, 1.599849, 1.629973, 306.1 s
    r = 2.3000: ok, E1-3 1.443932, 1.453829, 1.479567, 304.9 s
    r = 2.3500: ok, E1-3 1.302501, 1.315004, 1.336405, 304.8 s
    r = 2.4000: ok, E1-3 1.166565, 1.182044, 1.199291, 305.9 s
    r = 2.4500: ok, E1-3 1.039112, 1.057907, 1.070981, 302.0 s
    r = 2.5000: ok, E1-3 0.920004, 0.942364, 0.951335, 306.2 s
    r = 2.5500: ok, E1-3 0.809385, 0.835422, 0.840464, 300.2 s
    r = 2.6000: ok, E1-3 0.708809, 0.738583, 0.739661, 302.5 s
    r = 2.6500: ok, E1-3 0.618687, 0.649154, 0.652199, 303.2 s
    r = 2.7000: ok, E1-3 0.536632, 0.566876, 0.573493, 299.1 s

  SOC excitation energies (eV) and f, lowest 8 states; spin-free T1/S1 (eV)
     r/A     E1     E2     E3     E4     E5     E6     E7     E8  f1+f2+f3    f4..f8  sf T1  sf S1 SO gs meV  CAS
   1.750  3.116  3.118  3.169  3.576  3.834  3.862  4.114  4.617  5.09e-04  3.66e-02  3.192  3.713     -32.6  0.3282/0.0 unconv
   1.800  2.966  2.969  3.022  3.419  3.666  3.699  3.975  4.469  4.13e-04  3.02e-02  3.040  3.539     -37.4  0.2989/0.0 unconv
   1.850  2.812  2.814  2.869  3.258  3.494  3.533  3.827  4.314  3.26e-04  2.42e-02  2.883  3.363     -42.2  0.2709/0.0 unconv
   1.900  2.658  2.661  2.716  3.100  3.326  3.371  3.672  4.156  2.52e-04  1.89e-02  2.725  3.193     -46.8  0.2445/0.0 unconv
   1.950  2.507  2.509  2.564  2.946  3.165  3.216  3.508  3.991  1.92e-04  1.44e-02  2.568  3.033     -51.1  0.2199/0.0 unconv
   1.991  2.383  2.386  2.439  2.822  3.036  3.092  3.368  3.851  1.51e-04  1.13e-02  2.440  2.907     -54.4  0.2013/0.0 unconv
   2.000  2.356  2.359  2.411  2.794  3.007  3.064  3.335  3.817  1.44e-04  1.08e-02  2.412  2.879     -55.2  0.1972/0.0
   2.050  2.204  2.207  2.255  2.640  2.850  2.912  3.152  3.629  1.06e-04  7.75e-03  2.253  2.727     -59.1  0.1762/0.0 unconv
   2.100  2.051  2.055  2.099  2.484  2.692  2.759  2.962  3.426  7.96e-05  5.52e-03  2.094  2.576     -63.0  0.1571/0.0 unconv
   2.150  1.897  1.901  1.941  2.322  2.529  2.601  2.766  3.208  5.89e-05  3.77e-03  1.934  2.422     -67.1  0.1397/0.0 unconv
   2.200  1.744  1.750  1.785  2.158  2.364  2.440  2.567  2.978  4.50e-05  2.57e-03  1.776  2.266     -71.4  0.1241/0.0 unconv
   2.250  1.592  1.600  1.630  1.990  2.194  2.274  2.368  2.741  3.43e-05  1.67e-03  1.620  2.106     -76.0  0.11/0.0 unconv
   2.300  1.444  1.454  1.480  1.822  2.022  2.104  2.171  2.501  2.65e-05  1.07e-03  1.468  1.945     -81.1  0.0974/0.0 unconv
   2.350  1.303  1.315  1.336  1.657  1.852  1.933  1.977  2.264  2.09e-05  6.78e-04  1.324  1.786     -86.6  0.0861/0.0 unconv
   2.400  1.167  1.182  1.199  1.496  1.683  1.760  1.788  2.033  1.64e-05  4.19e-04  1.185  1.628     -92.8  0.0761/0.0 unconv
   2.450  1.039  1.058  1.071  1.343  1.519  1.589  1.607  1.813  1.28e-05  2.59e-04  1.056  1.475     -99.6  0.0673/0.0 unconv
   2.500  0.920  0.942  0.951  1.197  1.362  1.422  1.434  1.605  9.96e-06  1.59e-04  0.935  1.328    -107.0  0.0594/0.0 unconv
   2.550  0.809  0.835  0.840  1.062  1.214  1.260  1.272  1.413  7.62e-06  9.61e-05  0.823  1.185    -115.0  0.0524/0.0 unconv
   2.600  0.709  0.739  0.740  0.936  1.076  1.109  1.122  1.238  5.76e-06  5.87e-05  0.721  1.049    -123.7  0.0463/0.0 unconv
   2.650  0.619  0.649  0.652  0.823  0.949  0.970  0.984  1.079  4.28e-06  3.63e-05  0.630  0.925    -132.6  0.0409/0.0 unconv
   2.700  0.537  0.567  0.573  0.719  0.833  0.843  0.861  0.937  3.11e-06  2.19e-05  0.546  0.813    -142.2  0.0361/0.0 unconv

  Adiabatic SOC states, ordered by energy at every r: where two approach, the
  character (and f) passes from one to the other, which the f columns show.
  proj in/out close together = the fixed CAS is near a swap.
