============================================================================
== HOI: spin-orbit states along O-I and the angle (2D grid)
== cc-pvtz-dk, DKH1-QD-NEVPT2, fixed CAS(12,7), 10 Ms=0 roots
============================================================================
  35 points, 35 to compute
    r = 1.8000, angle 85.0: ok, E1-3 2.916274, 2.918538, 2.968629, 342.5 s
    r = 1.9000, angle 85.0: ok, E1-3 2.636264, 2.638307, 2.689049, 333.6 s
    r = 2.0000, angle 85.0: ok, E1-3 2.347757, 2.349755, 2.396443, 332.8 s
    r = 2.1000, angle 85.0: ok, E1-3 2.049435, 2.052186, 2.091366, 322.8 s
    r = 2.2000, angle 85.0: ok, E1-3 1.747543, 1.752197, 1.783113, 326.2 s
    r = 2.3000, angle 85.0: ok, E1-3 1.456164, 1.464152, 1.487283, 319.4 s
    r = 2.4000, angle 85.0: ok, E1-3 1.18577, 1.19858, 1.214646, 319.3 s
    r = 1.8000, angle 95.0: ok, E1-3 2.958242, 2.960754, 3.011671, 337.8 s
    r = 1.9000, angle 95.0: ok, E1-3 2.665167, 2.667382, 2.720361, 335.5 s
    r = 2.0000, angle 95.0: ok, E1-3 2.370063, 2.372219, 2.421677, 325.1 s
    r = 2.1000, angle 95.0: ok, E1-3 2.069819, 2.072765, 2.114635, 326.5 s
    r = 2.2000, angle 95.0: ok, E1-3 1.765519, 1.770486, 1.803802, 329.9 s
    r = 2.3000, angle 95.0: ok, E1-3 1.469419, 1.477922, 1.503108, 326.6 s
    r = 2.4000, angle 95.0: ok, E1-3 1.194907, 1.208498, 1.226023, 316.4 s
    r = 1.8000, angle 105.0: ok, E1-3 2.965531, 2.968317, 3.02115, 338.9 s
    r = 1.9000, angle 105.0: ok, E1-3 2.657128, 2.659699, 2.715226, 282.6 s
    r = 2.0000, angle 105.0: ok, E1-3 2.354607, 2.357274, 2.409397, 257.2 s
    r = 2.1000, angle 105.0: ok, E1-3 2.049297, 2.052968, 2.097045, 327.0 s
    r = 2.2000, angle 105.0: ok, E1-3 1.741483, 1.747483, 1.782233, 324.3 s
    r = 2.3000, angle 105.0: ok, E1-3 1.443528, 1.453505, 1.479162, 317.5 s
    r = 2.4000, angle 105.0: ok, E1-3 1.165008, 1.180582, 1.197762, 317.7 s
    r = 1.8000, angle 115.0: ok, E1-3 2.930917, 2.934122, 2.99134, 238.2 s
    r = 1.9000, angle 115.0: ok, E1-3 2.605556, 2.608732, 2.668602, 170.1 s
    r = 2.0000, angle 115.0: ok, E1-3 2.296125, 2.299698, 2.355523, 280.9 s
    r = 2.1000, angle 115.0: ok, E1-3 1.988442, 1.993432, 2.039708, 321.7 s
    r = 2.2000, angle 115.0: ok, E1-3 1.676922, 1.684806, 1.720143, 332.0 s
    r = 2.3000, angle 115.0: ok, E1-3 1.372887, 1.385482, 1.410413, 319.3 s
    r = 2.4000, angle 115.0: ok, E1-3 1.094542, 1.113647, 1.128596, 309.7 s
    r = 1.8000, angle 125.0: ok, E1-3 2.854868, 2.858591, 2.924089, 260.7 s
    r = 1.9000, angle 125.0: ok, E1-3 2.512348, 2.516357, 2.583678, 178.9 s
    r = 2.0000, angle 125.0: ok, E1-3 2.198219, 2.203107, 2.2647, 225.6 s
    r = 2.1000, angle 125.0: ok, E1-3 1.887171, 1.894199, 1.943466, 322.0 s
    r = 2.2000, angle 125.0: ok, E1-3 1.569607, 1.580514, 1.616153, 314.1 s
    r = 2.3000, angle 125.0: ok, E1-3 1.259449, 1.276273, 1.299362, 310.7 s
    r = 2.4000, angle 125.0: ok, E1-3 0.976755, 1.00127, 1.012728, 308.7 s

  E3 (the bright component) / eV, rows r/A, columns angle/deg
              85      95     105     115     125
    1.80   2.969   3.012   3.021   2.991   2.924
    1.90   2.689   2.720   2.715   2.669   2.584
    2.00   2.396   2.422   2.409   2.356   2.265
    2.10   2.091   2.115   2.097   2.040   1.943
    2.20   1.783   1.804   1.782   1.720   1.616
    2.30   1.487   1.503   1.479   1.410   1.299
    2.40   1.215   1.226   1.198   1.129   1.013

  f1+f2+f3, rows r/A, columns angle/deg
              85      95     105     115     125
    1.80 3.7e-04 4.0e-04 4.1e-04 3.9e-04 3.6e-04
    1.90 2.1e-04 2.4e-04 2.5e-04 2.5e-04 2.4e-04
    2.00 1.1e-04 1.3e-04 1.4e-04 1.4e-04 1.4e-04
    2.10 6.6e-05 7.6e-05 7.9e-05 7.6e-05 7.1e-05
    2.20 3.9e-05 4.4e-05 4.4e-05 4.1e-05 3.7e-05
    2.30 2.5e-05 2.7e-05 2.7e-05 2.4e-05 2.2e-05
    2.40 1.6e-05 1.7e-05 1.6e-05 1.5e-05 1.4e-05

  E3 - spin-free T1 / meV, rows r/A, columns angle/deg
              85      95     105     115     125
    1.80     -19     -19     -19     -17     -15
    1.90     -10     -10      -9      -7      -5
    2.00      -2      -2      -1       1       4
    2.10       3       3       5       7      11
    2.20       7       7       9      12      16
    2.30      10      10      12      15      19
    2.40      13      12      14      17      22
