using cached obs/H2O_Chung(2001)_295K_140-196nm(0.2nm).txt
downloading https://www.uv-vis-spectral-atlas-mainz.org/uvvis_data/cross_sections/Hydrogen+water/HDO_Chung%282001%29_295K_140.0-195.0nm%280.2nm%29.txt
using cached obs/HDO_Chung(2001)_295K_140.0-195.0nm(0.2nm).txt
downloading https://www.uv-vis-spectral-atlas-mainz.org/uvvis_data/cross_sections/Hydrogen+water/D2O_Chung%282001%29_295K_140-195nm%280.2nm%29.txt

                   peak/nm    sigma/cm2   FWHM/eV        f
   H2O      calc     166.9    3.268e-18     0.951   0.0298
            meas     166.4    5.420e-18     0.937   0.0495
   HDO      calc     166.9    3.707e-18     0.856   0.0305
            meas     165.8    6.370e-18     0.818   0.0514
  HDOd      calc     166.9    3.706e-18     0.856   0.0305
            meas     165.8    6.370e-18     0.818   0.0514
   D2O      calc     166.8    4.268e-18     0.775   0.0313
            meas     166.0    6.710e-18     0.761   0.0502

        peak err/eV   mu scale   FWHM err
   H2O       -0.024      1.288      +1.4%
   HDO       -0.051      1.311      +4.6%
  HDOd       -0.051      1.311      +4.6%
   D2O       -0.037      1.254      +1.9%

band narrowing relative to H2O (the isotope effect):
            calc      meas     diff
   H2O     1.000     1.000    +0.0%
   HDO     0.900     0.873    +3.1%
  HDOd     0.900     0.873    +3.1%
   D2O     0.816     0.812    +0.5%

wrote compare_all.png
