grid     (256, 128, 36)  dt = 2.0 a.u., 4000 steps = 193.5 fs
absorb   R from 8.00 bohr, r from 4.00 bohr, eta = 0.15 Ha
states   5 vibrational levels

energy resolution 2pi/T = 21.4 meV

  v=0  |mu chi| = 2.870746e-01
        step   1000  |S| = 2.072e-05
        step   2000  |S| = 1.724e-08
        step   3000  |S| = 1.554e-09
        step   4000  |S| = 1.387e-10
        channels: R (departing atom)  25.2%   r (other bond)  74.8%   captured 100.0% of norm
  v=1  |mu chi| = 2.813037e-01
        step   1000  |S| = 5.436e-06
        step   2000  |S| = 1.068e-07
        step   3000  |S| = 4.147e-09
        step   4000  |S| = 3.096e-10
        channels: R (departing atom)  23.8%   r (other bond)  76.2%   captured 100.0% of norm
  v=2  |mu chi| = 2.694167e-01
        step   1000  |S| = 1.208e-05
        step   2000  |S| = 1.119e-07
        step   3000  |S| = 1.442e-08
        step   4000  |S| = 1.003e-09
        channels: R (departing atom)  40.8%   r (other bond)  59.2%   captured 100.0% of norm
  v=3  |mu chi| = 2.753970e-01
        step   1000  |S| = 2.114e-05
        step   2000  |S| = 2.477e-07
        step   3000  |S| = 8.012e-09
        step   4000  |S| = 2.941e-09
        channels: R (departing atom)  23.6%   r (other bond)  76.4%   captured 100.0% of norm
  v=4  |mu chi| = 2.597897e-01
        step   1000  |S| = 9.533e-06
        step   2000  |S| = 1.795e-08
        step   3000  |S| = 7.500e-09
        step   4000  |S| = 6.823e-10
        channels: R (departing atom)  15.7%   r (other bond)  84.3%   captured 100.0% of norm

    T/K   peak/nm    peak sigma/cm2   FWHM/eV
    200     166.9         3.707e-18     0.856
    250     166.9         3.707e-18     0.856
    298     166.9         3.706e-18     0.856

channel branching, band-integrated (not energy resolved):
   v   R channel   r channel  norm captured
   0       25.2%       74.8%         100.0%
   1       23.8%       76.2%         100.0%
   2       40.8%       59.2%         100.0%
   3       23.6%       76.4%         100.0%
   4       15.7%       84.3%         100.0%

wrote runs/HDOd/cross_section.npz
wrote runs/HDOd/cross_section.png
