==============================================================================
== HOX Phase 0.5 -- EOM-CCSD triplet slope, a third opinion
== def2-tzvp, 3 EOM triplet roots, r = 1.5391 to 1.8891 A in 8 points
==============================================================================

      r/A      E_CCSD(T)/Ha   T1(S)  omega0/eV  omega1/eV  conv   t/s
   1.5391     -536.78612213  0.0069     4.3922     5.4528   yes    17
   1.5891     -536.79461894  0.0071     4.0958     5.1491   yes    19
   1.6391     -536.79925105  0.0073     3.7691     4.8133   yes    19
   1.6891     -536.80090289  0.0076     3.4320     4.4641   yes    19
   1.7391     -536.80027648  0.0079     3.0987     4.1147   yes    18
   1.7891     -536.79793333  0.0082     2.7786     3.7735   yes    19
   1.8391     -536.79432603  0.0086     2.4774     3.4457   yes    19
   1.8891     -536.78982164  0.0091     2.1982     3.1341   yes    18

  wrote hocl_eom_triplet.csv

==============================================================================
== verdict
==============================================================================
  lowest-triplet assignment: gap to the next EOM triplet 0.94-1.06 eV
  EOM-CCSD vertical triplet energy at 1.6891 A: 3.4320 eV

  slope of the triplet energy at r = 1.6891 A (eV/A):
    EOM-CCSD:  E_CCSD + omega        -6.670
    EOM-CCSD:  E_CCSD(T) + omega     -6.965
    UCCSD(T), 05 fine grid           -6.999
    SC-NEVPT2 CAS(10,6), 07          -5.954
    SC-NEVPT2 CAS(12,7), 08          -6.152
  vertical-energy slope d(omega)/dr, EOM-CCSD: -6.748 eV/A

  EOM-CCSD(T)-ground slope -6.965 is 0.5% from UCCSD(T) and 17.0% from NEVPT2 CAS(10,6): closer to UCCSD(T).
  -> EOM-CCSD sides with UCCSD(T). The ROHF wobble did not set the UCCSD(T)
     slope, and the NEVPT2 slope is the outlier -- consistent with its
     active-space trend. Trust coupled cluster in the Franck-Condon window.
