==============================================================================
== HOX Phase 0.5 -- EOM-CCSD triplet slope, a third opinion
== def2-tzvp, 3 EOM triplet roots, r = 1.7891 to 2.7891 A in 11 points
==============================================================================

      r/A      E_CCSD(T)/Ha   T1(S)  omega0/eV  omega1/eV  conv   t/s
   1.7891     -536.79793333  0.0082     2.7786     3.7735   yes    18
   1.8891     -536.78982164  0.0091     2.1982     3.1341   yes    19
   1.9891     -536.77926052  0.0102     1.7100     2.5627   yes    19
   2.0891     -536.76802846  0.0116     1.3124     2.0527   yes    18
   2.1891     -536.75727971  0.0133     0.9955     1.5722   yes    20
   2.2891     -536.74772579  0.0152     0.7471     1.0796   yes    22
   2.3891     -536.73975678  0.0174     0.5553     0.6101   yes    18
   2.4891     -536.73352716  0.0197     0.2050     0.4090   yes    24
   2.5891     -536.72902118  0.0221    -0.1315     0.2992   yes    24
   2.6891     -536.72610681  0.0245    -0.4070     0.2179   yes    25
   2.7891     -536.72458062  0.0267    -0.6309     0.1586   yes    25

  wrote hocl_eom_outer.csv

==============================================================================
== verdict
==============================================================================
  lowest-triplet assignment: gap to the next EOM triplet 0.05-0.99 eV  !! under 0.3 eV somewhere: the lowest root may not be the same state throughout
  EOM-CCSD vertical triplet energy at 1.7891 A: 2.7786 eV

  slope of the triplet energy at r = 1.6891 A (eV/A):
    EOM-CCSD:  E_CCSD + omega        -9.311
    EOM-CCSD:  E_CCSD(T) + omega     -9.642
    UCCSD(T), 05 fine grid           -6.999
    SC-NEVPT2 CAS(10,6), 07          -5.954
    SC-NEVPT2 CAS(12,7), 08          -6.152
  vertical-energy slope d(omega)/dr, EOM-CCSD: -10.319 eV/A

  EOM-CCSD(T)-ground slope -9.642 is 37.8% from UCCSD(T) and 62.0% from NEVPT2 CAS(10,6): closer to UCCSD(T).
  -> EOM-CCSD lands between the two, within 5% of neither. Three methods,
     three slopes: the band width is uncertain at this level, and the
     measured band is the referee that is left.
