==============================================================================
== HOX Phase 1 -- OH(X 2Pi) curve and E(Cl): the a 3A" asymptote
== def2-tzvp, x2c, r(O-H) 0.7-1.4 A in 29 points
==============================================================================

  Cl(2P):  UCCSD(T) -461.00908095 Ha   NEVPT2 -460.97061340 Ha  CAS(5,3)
           difference +1.047 eV (NEVPT2 recovers less correlation; only its CONSTANCY matters)

      r/A     E_uccsdt/Ha     E_nevpt2/Ha   diff/eV   t/s
    0.700    -75.56972652    -75.53830901     0.855  12.1
    0.725    -75.60103015    -75.56988359     0.848  15.6
    0.750    -75.62651682    -75.59562955     0.840  14.7
    0.775    -75.64709249    -75.61645184     0.834   9.4
    0.800    -75.66351842    -75.63311209     0.827  16.2
    0.825    -75.67643444    -75.64624763     0.821  14.1
    0.850    -75.68637835    -75.65639305     0.816  21.1
    0.875    -75.69380250    -75.66399690     0.811  21.2
    0.900    -75.69908807    -75.66943838     0.807  16.7
    0.925    -75.70255759    -75.67304079     0.803  13.0
    0.950    -75.70448523    -75.67509901     0.800  13.4
    0.975    -75.70510624    -75.67583720     0.796  29.1
    1.000    -75.70462255    -75.67543736     0.794  20.5
    1.025    -75.70320871    -75.67408534     0.792  31.0
    1.050    -75.70101573    -75.67193468     0.791  17.7
    1.075    -75.69817437    -75.66911678     0.791  23.1
    1.100    -75.69479785    -75.66574606     0.791  23.3
    1.125    -75.69098413    -75.66192126     0.791  25.2
    1.150    -75.68681800    -75.65772847     0.792  19.7
    1.175    -75.68237282    -75.65324255     0.793  20.1
    1.200    -75.67771207    -75.64852843     0.794  21.7
    1.225    -75.67289074    -75.64364291     0.796  18.7
    1.250    -75.66795645    -75.63863559     0.798  19.7
    1.275    -75.66295060    -75.63354888     0.800  19.3
    1.300    -75.65790813    -75.62840231     0.803  20.7
    1.325    -75.65286131    -75.62327048     0.805  21.8
    1.350    -75.64783645    -75.61815727     0.808  14.8
    1.375    -75.64285682    -75.61308751     0.810  14.0
    1.400    -75.63794256    -75.60808447     0.812  20.2

  wrote hocl_fragments.csv

==============================================================================
== verdict
==============================================================================
  UCCSD(T)  re 0.9782 A (obs 0.9697)   omega_e 3727 cm-1 (obs 3738)   well depth over this range 1.828 eV
  NEVPT2    re 0.9803 A (obs 0.9697)   omega_e 3768 cm-1 (obs 3738)   well depth over this range 1.844 eV
  (the range stops at 1.4 A, well inside dissociation, so the last column is not De;
   obs De 4.62 eV is quoted for scale only. All three measured values are from memory.)

  NEVPT2 - UCCSD(T) across the curve: 0.791 to 0.855 eV, spread 0.064 eV
  A CONSTANT difference is what the splice needs: it means the two families agree on
  the shape of the spectator coordinate and differ only by a fixed offset.

  asymptote at r(O-H) = 0.9750 A:
    UCCSD(T)  E(Cl) + V_OH = -536.71418719 Ha
    NEVPT2    E(Cl) + V_OH = -536.64645059 Ha
  05's fragment check (UCCSD(T), no x2c consistency check) gave -536.71407 Ha;
  the triplet at 4.0 A sat 28 meV from it.

  total 558 s
