==============================================================================
== HOX Phase 1 -- 3D CCSD(T) + EOM-CCSD raster for HOCl
==============================================================================
  r(O-Cl) 1.4-2.4 A, 21 points
  r(O-H)  0.8-1.25 A, 10 points
  angle   75.0-135.0 deg, 13 points
  total   2730 geometries, def2-tzvp, 4 EOM roots
  estimate 84 CPU-hours = 2.8 h on 30 workers at 111 s/point
  60 already in hocl_pes_raster.csv, 2670 to run

  10/2670  ok=10 warn=0 bad=0  372 pts/h  eta 429.0 min
  20/2670  ok=20 warn=0 bad=0  679 pts/h  eta 234.2 min
  30/2670  ok=30 warn=0 bad=0  1000 pts/h  eta 158.5 min
  40/2670  ok=40 warn=0 bad=0  752 pts/h  eta 209.7 min
  50/2670  ok=50 warn=0 bad=0  861 pts/h  eta 182.6 min
  60/2670  ok=60 warn=0 bad=0  1019 pts/h  eta 153.7 min
  70/2670  ok=70 warn=0 bad=0  887 pts/h  eta 175.8 min
  80/2670  ok=80 warn=0 bad=0  923 pts/h  eta 168.4 min
  90/2670  ok=90 warn=0 bad=0  1025 pts/h  eta 151.1 min
  100/2670  ok=100 warn=0 bad=0  953 pts/h  eta 161.8 min
  110/2670  ok=110 warn=0 bad=0  962 pts/h  eta 159.7 min
  120/2670  ok=120 warn=0 bad=0  1028 pts/h  eta 148.9 min
  130/2670  ok=130 warn=0 bad=0  998 pts/h  eta 152.8 min
  140/2670  ok=140 warn=0 bad=0  986 pts/h  eta 153.9 min
  150/2670  ok=150 warn=0 bad=0  1031 pts/h  eta 146.6 min
  160/2670  ok=160 warn=0 bad=0  1024 pts/h  eta 147.0 min
  170/2670  ok=170 warn=0 bad=0  1064 pts/h  eta 141.0 min
  180/2670  ok=180 warn=0 bad=0  1031 pts/h  eta 144.9 min
  190/2670  ok=190 warn=0 bad=0  1045 pts/h  eta 142.4 min
  200/2670  ok=200 warn=0 bad=0  1086 pts/h  eta 136.5 min
  210/2670  ok=210 warn=0 bad=0  1033 pts/h  eta 142.9 min
  220/2670  ok=220 warn=0 bad=0  1058 pts/h  eta 139.0 min
  230/2670  ok=230 warn=0 bad=0  1093 pts/h  eta 134.0 min
  240/2670  ok=240 warn=0 bad=0  1039 pts/h  eta 140.4 min
  250/2670  ok=250 warn=0 bad=0  1071 pts/h  eta 135.6 min
  260/2670  ok=260 warn=0 bad=0  1090 pts/h  eta 132.7 min
  270/2670  ok=270 warn=0 bad=0  1038 pts/h  eta 138.8 min
  280/2670  ok=280 warn=0 bad=0  1066 pts/h  eta 134.5 min
  290/2670  ok=290 warn=0 bad=0  1090 pts/h  eta 131.1 min
  300/2670  ok=300 warn=0 bad=0  1046 pts/h  eta 136.0 min
  310/2670  ok=310 warn=0 bad=0  1066 pts/h  eta 132.8 min
  320/2670  ok=320 warn=0 bad=0  1088 pts/h  eta 129.6 min
  330/2670  ok=330 warn=0 bad=0  1056 pts/h  eta 133.0 min
  340/2670  ok=340 warn=0 bad=0  1068 pts/h  eta 130.9 min
  350/2670  ok=350 warn=0 bad=0  1088 pts/h  eta 127.9 min
  360/2670  ok=360 warn=0 bad=0  1065 pts/h  eta 130.1 min
  370/2670  ok=370 warn=0 bad=0  1070 pts/h  eta 129.0 min
  380/2670  ok=380 warn=0 bad=0  1086 pts/h  eta 126.5 min
  390/2670  ok=390 warn=0 bad=0  1074 pts/h  eta 127.4 min
  400/2670  ok=400 warn=0 bad=0  1063 pts/h  eta 128.2 min
  410/2670  ok=410 warn=0 bad=0  1070 pts/h  eta 126.7 min
  420/2670  ok=420 warn=0 bad=0  1073 pts/h  eta 125.8 min
  430/2670  ok=430 warn=0 bad=0  1061 pts/h  eta 126.7 min
  440/2670  ok=440 warn=0 bad=0  1061 pts/h  eta 126.1 min
  450/2670  ok=450 warn=0 bad=0  1071 pts/h  eta 124.3 min
  460/2670  ok=460 warn=0 bad=0  1061 pts/h  eta 125.0 min
  470/2670  ok=470 warn=0 bad=0  1063 pts/h  eta 124.2 min
  480/2670  ok=480 warn=0 bad=0  1073 pts/h  eta 122.4 min
  490/2670  ok=490 warn=0 bad=0  1069 pts/h  eta 122.4 min
  500/2670  ok=500 warn=0 bad=0  1067 pts/h  eta 122.0 min
  510/2670  ok=510 warn=0 bad=0  1072 pts/h  eta 120.9 min
  520/2670  ok=520 warn=0 bad=0  1071 pts/h  eta 120.5 min
  530/2670  ok=530 warn=0 bad=0  1068 pts/h  eta 120.2 min
  540/2670  ok=540 warn=0 bad=0  1070 pts/h  eta 119.4 min
  550/2670  ok=550 warn=0 bad=0  1071 pts/h  eta 118.7 min
  560/2670  ok=560 warn=0 bad=0  1056 pts/h  eta 119.9 min
  570/2670  ok=570 warn=0 bad=0  1060 pts/h  eta 118.8 min
  580/2670  ok=580 warn=0 bad=0  1065 pts/h  eta 117.7 min
  590/2670  ok=590 warn=0 bad=0  1060 pts/h  eta 117.7 min
  600/2670  ok=600 warn=0 bad=0  1058 pts/h  eta 117.4 min
  610/2670  ok=610 warn=0 bad=0  1065 pts/h  eta 116.1 min
  620/2670  ok=620 warn=0 bad=0  1060 pts/h  eta 116.0 min
  630/2670  ok=630 warn=0 bad=0  1056 pts/h  eta 115.9 min
  640/2670  ok=640 warn=0 bad=0  1060 pts/h  eta 115.0 min
  650/2670  ok=650 warn=0 bad=0  1055 pts/h  eta 114.9 min
  660/2670  ok=660 warn=0 bad=0  1052 pts/h  eta 114.7 min
  670/2670  ok=670 warn=0 bad=0  1054 pts/h  eta 113.8 min
  680/2670  ok=680 warn=0 bad=0  1062 pts/h  eta 112.4 min
  690/2670  ok=690 warn=0 bad=0  1049 pts/h  eta 113.3 min
  700/2670  ok=700 warn=0 bad=0  1055 pts/h  eta 112.0 min
  710/2670  ok=710 warn=0 bad=0  1050 pts/h  eta 112.0 min
  720/2670  ok=720 warn=0 bad=0  1044 pts/h  eta 112.1 min
  730/2670  ok=730 warn=0 bad=0  1049 pts/h  eta 110.9 min
  740/2670  ok=740 warn=0 bad=0  1053 pts/h  eta 110.0 min
  750/2670  ok=750 warn=0 bad=0  1043 pts/h  eta 110.5 min
  760/2670  ok=760 warn=0 bad=0  1047 pts/h  eta 109.5 min
  770/2670  ok=770 warn=0 bad=0  1049 pts/h  eta 108.7 min
  780/2670  ok=780 warn=0 bad=0  1041 pts/h  eta 108.9 min
  790/2670  ok=790 warn=0 bad=0  1045 pts/h  eta 107.9 min
  800/2670  ok=800 warn=0 bad=0  1046 pts/h  eta 107.3 min
  810/2670  ok=810 warn=0 bad=0  1041 pts/h  eta 107.2 min
  820/2670  ok=820 warn=0 bad=0  1040 pts/h  eta 106.8 min
  830/2670  ok=830 warn=0 bad=0  1044 pts/h  eta 105.7 min
  840/2670  ok=840 warn=0 bad=0  1043 pts/h  eta 105.3 min
  850/2670  ok=850 warn=0 bad=0  1035 pts/h  eta 105.5 min
  860/2670  ok=860 warn=0 bad=0  1041 pts/h  eta 104.3 min
  870/2670  ok=870 warn=0 bad=0  1037 pts/h  eta 104.1 min
  880/2670  ok=880 warn=0 bad=0  1032 pts/h  eta 104.0 min
  890/2670  ok=890 warn=0 bad=0  1035 pts/h  eta 103.2 min
  900/2670  ok=900 warn=0 bad=0  1041 pts/h  eta 102.0 min
  910/2670  ok=910 warn=0 bad=0  1034 pts/h  eta 102.1 min
  920/2670  ok=920 warn=0 bad=0  1035 pts/h  eta 101.5 min
  930/2670  ok=930 warn=0 bad=0  1039 pts/h  eta 100.5 min
  940/2670  ok=940 warn=0 bad=0  1040 pts/h  eta 99.8 min
  950/2670  ok=950 warn=0 bad=0  1033 pts/h  eta 99.9 min
  960/2670  ok=960 warn=0 bad=0  1036 pts/h  eta 99.1 min
  970/2670  ok=970 warn=0 bad=0  1035 pts/h  eta 98.6 min
  980/2670  ok=980 warn=0 bad=0  1033 pts/h  eta 98.1 min
  990/2670  ok=990 warn=0 bad=0  1033 pts/h  eta 97.6 min
  1000/2670  ok=1000 warn=0 bad=0  1034 pts/h  eta 96.9 min
  1010/2670  ok=1010 warn=0 bad=0  1029 pts/h  eta 96.8 min
  1020/2670  ok=1020 warn=0 bad=0  1033 pts/h  eta 95.8 min
  1030/2670  ok=1030 warn=0 bad=0  1038 pts/h  eta 94.8 min
  1040/2670  ok=1040 warn=0 bad=0  1035 pts/h  eta 94.5 min
  1050/2670  ok=1050 warn=0 bad=0  1033 pts/h  eta 94.1 min
  1060/2670  ok=1060 warn=0 bad=0  1037 pts/h  eta 93.1 min
  1070/2670  ok=1070 warn=0 bad=0  1032 pts/h  eta 93.0 min
  1080/2670  ok=1080 warn=0 bad=0  1035 pts/h  eta 92.2 min
  1090/2670  ok=1090 warn=0 bad=0  1036 pts/h  eta 91.5 min
  1100/2670  ok=1100 warn=0 bad=0  1032 pts/h  eta 91.3 min
  1110/2670  ok=1110 warn=0 bad=0  1030 pts/h  eta 90.9 min
  1120/2670  ok=1120 warn=0 bad=0  1033 pts/h  eta 90.0 min
  1130/2670  ok=1130 warn=0 bad=0  1033 pts/h  eta 89.4 min
  1140/2670  ok=1140 warn=0 bad=0  1031 pts/h  eta 89.0 min
  1150/2670  ok=1150 warn=0 bad=0  1031 pts/h  eta 88.4 min
  1160/2670  ok=1160 warn=0 bad=0  1036 pts/h  eta 87.5 min
  1170/2670  ok=1170 warn=0 bad=0  1035 pts/h  eta 86.9 min
  1180/2670  ok=1180 warn=0 bad=0  1032 pts/h  eta 86.6 min
  1190/2670  ok=1190 warn=0 bad=0  1038 pts/h  eta 85.5 min
  1200/2670  ok=1200 warn=0 bad=0  1038 pts/h  eta 85.0 min
  1210/2670  ok=1210 warn=0 bad=0  1034 pts/h  eta 84.8 min
  1220/2670  ok=1220 warn=0 bad=0  1038 pts/h  eta 83.8 min
  1230/2670  ok=1230 warn=0 bad=0  1039 pts/h  eta 83.1 min
  1240/2670  ok=1240 warn=0 bad=0  1033 pts/h  eta 83.1 min
  1250/2670  ok=1250 warn=0 bad=0  1035 pts/h  eta 82.3 min
  1260/2670  ok=1260 warn=0 bad=0  1039 pts/h  eta 81.5 min
  1270/2670  ok=1270 warn=0 bad=0  1033 pts/h  eta 81.3 min
  1280/2670  ok=1280 warn=0 bad=0  1037 pts/h  eta 80.4 min
  1290/2670  ok=1290 warn=0 bad=0  1039 pts/h  eta 79.7 min
  1300/2670  ok=1300 warn=0 bad=0  1035 pts/h  eta 79.4 min
  1310/2670  ok=1310 warn=0 bad=0  1039 pts/h  eta 78.6 min
  1320/2670  ok=1320 warn=0 bad=0  1041 pts/h  eta 77.8 min
  1330/2670  ok=1330 warn=0 bad=0  1037 pts/h  eta 77.5 min
  1340/2670  ok=1340 warn=0 bad=0  1040 pts/h  eta 76.7 min
  1350/2670  ok=1350 warn=0 bad=0  1041 pts/h  eta 76.1 min
  1360/2670  ok=1360 warn=0 bad=0  1039 pts/h  eta 75.6 min
  1370/2670  ok=1370 warn=0 bad=0  1041 pts/h  eta 74.9 min
  1380/2670  ok=1380 warn=0 bad=0  1041 pts/h  eta 74.4 min
  1390/2670  ok=1390 warn=0 bad=0  1039 pts/h  eta 73.9 min
  1400/2670  ok=1400 warn=0 bad=0  1042 pts/h  eta 73.1 min
  1410/2670  ok=1410 warn=0 bad=0  1042 pts/h  eta 72.6 min
  1420/2670  ok=1420 warn=0 bad=0  1042 pts/h  eta 72.0 min
  1430/2670  ok=1430 warn=0 bad=0  1043 pts/h  eta 71.4 min
  1440/2670  ok=1440 warn=0 bad=0  1041 pts/h  eta 70.9 min
  1450/2670  ok=1450 warn=0 bad=0  1044 pts/h  eta 70.1 min
  1460/2670  ok=1460 warn=0 bad=0  1045 pts/h  eta 69.5 min
  1470/2670  ok=1470 warn=0 bad=0  1045 pts/h  eta 68.9 min
  1480/2670  ok=1480 warn=0 bad=0  1045 pts/h  eta 68.3 min
  1490/2670  ok=1490 warn=0 bad=0  1047 pts/h  eta 67.6 min
  1500/2670  ok=1500 warn=0 bad=0  1045 pts/h  eta 67.2 min
  1510/2670  ok=1510 warn=0 bad=0  1046 pts/h  eta 66.5 min
  1520/2670  ok=1520 warn=0 bad=0  1048 pts/h  eta 65.8 min
  1530/2670  ok=1530 warn=0 bad=0  1045 pts/h  eta 65.4 min
  1540/2670  ok=1540 warn=0 bad=0  1047 pts/h  eta 64.7 min
  1550/2670  ok=1550 warn=0 bad=0  1050 pts/h  eta 64.0 min
  1560/2670  ok=1560 warn=0 bad=0  1046 pts/h  eta 63.7 min
  1570/2670  ok=1570 warn=0 bad=0  1048 pts/h  eta 63.0 min
  1580/2670  ok=1580 warn=0 bad=0  1051 pts/h  eta 62.2 min
  1590/2670  ok=1590 warn=0 bad=0  1046 pts/h  eta 61.9 min
  1600/2670  ok=1600 warn=0 bad=0  1049 pts/h  eta 61.2 min
  1610/2670  ok=1610 warn=0 bad=0  1052 pts/h  eta 60.4 min
  1620/2670  ok=1620 warn=0 bad=0  1047 pts/h  eta 60.2 min
  1630/2670  ok=1630 warn=0 bad=0  1050 pts/h  eta 59.4 min
  1640/2670  ok=1640 warn=0 bad=0  1052 pts/h  eta 58.8 min
  1650/2670  ok=1650 warn=0 bad=0  1048 pts/h  eta 58.4 min
  1660/2670  ok=1660 warn=0 bad=0  1052 pts/h  eta 57.6 min
  1670/2670  ok=1670 warn=0 bad=0  1053 pts/h  eta 57.0 min
  1680/2670  ok=1680 warn=0 bad=0  1053 pts/h  eta 56.4 min
  1690/2670  ok=1690 warn=0 bad=0  1052 pts/h  eta 55.9 min
  1700/2670  ok=1700 warn=0 bad=0  1054 pts/h  eta 55.2 min
  1710/2670  ok=1710 warn=0 bad=0  1055 pts/h  eta 54.6 min
  1720/2670  ok=1720 warn=0 bad=0  1054 pts/h  eta 54.1 min
  1730/2670  ok=1730 warn=0 bad=0  1055 pts/h  eta 53.5 min
  1740/2670  ok=1740 warn=0 bad=0  1054 pts/h  eta 52.9 min
  1750/2670  ok=1750 warn=0 bad=0  1055 pts/h  eta 52.3 min
  1760/2670  ok=1760 warn=0 bad=0  1055 pts/h  eta 51.8 min
  1770/2670  ok=1770 warn=0 bad=0  1055 pts/h  eta 51.2 min
  1780/2670  ok=1780 warn=0 bad=0  1057 pts/h  eta 50.5 min
  1790/2670  ok=1790 warn=0 bad=0  1056 pts/h  eta 50.0 min
  1800/2670  ok=1800 warn=0 bad=0  1056 pts/h  eta 49.4 min
  1810/2670  ok=1810 warn=0 bad=0  1058 pts/h  eta 48.8 min
  1820/2670  ok=1820 warn=0 bad=0  1057 pts/h  eta 48.2 min
  1830/2670  ok=1830 warn=0 bad=0  1057 pts/h  eta 47.7 min
  1840/2670  ok=1840 warn=0 bad=0  1060 pts/h  eta 47.0 min
  1850/2670  ok=1850 warn=0 bad=0  1058 pts/h  eta 46.5 min
  1860/2670  ok=1860 warn=0 bad=0  1057 pts/h  eta 46.0 min
  1870/2670  ok=1870 warn=0 bad=0  1061 pts/h  eta 45.3 min
  1880/2670  ok=1880 warn=0 bad=0  1057 pts/h  eta 44.8 min
  1890/2670  ok=1890 warn=0 bad=0  1058 pts/h  eta 44.2 min
  1900/2670  ok=1900 warn=0 bad=0  1061 pts/h  eta 43.6 min
  1910/2670  ok=1910 warn=0 bad=0  1061 pts/h  eta 43.0 min
  1920/2670  ok=1920 warn=0 bad=0  1058 pts/h  eta 42.5 min
  1930/2670  ok=1930 warn=0 bad=0  1062 pts/h  eta 41.8 min
  1940/2670  ok=1940 warn=0 bad=0  1062 pts/h  eta 41.2 min
  1950/2670  ok=1950 warn=0 bad=0  1061 pts/h  eta 40.7 min
  1960/2670  ok=1960 warn=0 bad=0  1062 pts/h  eta 40.1 min
  1970/2670  ok=1970 warn=0 bad=0  1063 pts/h  eta 39.5 min
  1980/2670  ok=1980 warn=0 bad=0  1061 pts/h  eta 39.0 min
  1990/2670  ok=1990 warn=0 bad=0  1062 pts/h  eta 38.4 min
  2000/2670  ok=2000 warn=0 bad=0  1064 pts/h  eta 37.8 min
  2010/2670  ok=2010 warn=0 bad=0  1062 pts/h  eta 37.3 min
  2020/2670  ok=2020 warn=0 bad=0  1062 pts/h  eta 36.7 min
  2030/2670  ok=2030 warn=0 bad=0  1063 pts/h  eta 36.1 min
  2040/2670  ok=2040 warn=0 bad=0  1063 pts/h  eta 35.5 min
  2050/2670  ok=2050 warn=0 bad=0  1064 pts/h  eta 34.9 min
  2060/2670  ok=2060 warn=0 bad=0  1064 pts/h  eta 34.4 min
  2070/2670  ok=2070 warn=0 bad=0  1065 pts/h  eta 33.8 min
  2080/2670  ok=2080 warn=0 bad=0  1065 pts/h  eta 33.2 min
  2090/2670  ok=2090 warn=0 bad=0  1065 pts/h  eta 32.7 min
  2100/2670  ok=2100 warn=0 bad=0  1065 pts/h  eta 32.1 min
  2110/2670  ok=2110 warn=0 bad=0  1066 pts/h  eta 31.5 min
  2120/2670  ok=2120 warn=0 bad=0  1065 pts/h  eta 31.0 min
  2130/2670  ok=2130 warn=0 bad=0  1066 pts/h  eta 30.4 min
  2140/2670  ok=2140 warn=0 bad=0  1066 pts/h  eta 29.8 min
  2150/2670  ok=2150 warn=0 bad=0  1065 pts/h  eta 29.3 min
  2160/2670  ok=2160 warn=0 bad=0  1067 pts/h  eta 28.7 min
  2170/2670  ok=2170 warn=0 bad=0  1067 pts/h  eta 28.1 min
  2180/2670  ok=2179 warn=1 bad=0  1066 pts/h  eta 27.6 min
  2190/2670  ok=2188 warn=2 bad=0  1067 pts/h  eta 27.0 min
  2200/2670  ok=2198 warn=2 bad=0  1069 pts/h  eta 26.4 min
  2210/2670  ok=2207 warn=3 bad=0  1067 pts/h  eta 25.9 min
  2220/2670  ok=2216 warn=4 bad=0  1068 pts/h  eta 25.3 min
  2230/2670  ok=2225 warn=5 bad=0  1068 pts/h  eta 24.7 min
  2240/2670  ok=2234 warn=6 bad=0  1067 pts/h  eta 24.2 min
  2250/2670  ok=2244 warn=6 bad=0  1068 pts/h  eta 23.6 min
  2260/2670  ok=2253 warn=7 bad=0  1068 pts/h  eta 23.0 min
  2270/2670  ok=2263 warn=7 bad=0  1068 pts/h  eta 22.5 min
  2280/2670  ok=2272 warn=8 bad=0  1069 pts/h  eta 21.9 min
  2290/2670  ok=2281 warn=9 bad=0  1069 pts/h  eta 21.3 min
  2300/2670  ok=2290 warn=10 bad=0  1069 pts/h  eta 20.8 min
  2310/2670  ok=2300 warn=10 bad=0  1069 pts/h  eta 20.2 min
  2320/2670  ok=2307 warn=13 bad=0  1069 pts/h  eta 19.6 min
  2330/2670  ok=2313 warn=17 bad=0  1070 pts/h  eta 19.1 min
  2340/2670  ok=2323 warn=17 bad=0  1071 pts/h  eta 18.5 min
  2350/2670  ok=2332 warn=18 bad=0  1070 pts/h  eta 17.9 min
  2360/2670  ok=2340 warn=20 bad=0  1070 pts/h  eta 17.4 min
  2370/2670  ok=2347 warn=23 bad=0  1072 pts/h  eta 16.8 min
  2380/2670  ok=2355 warn=25 bad=0  1071 pts/h  eta 16.3 min
  2390/2670  ok=2363 warn=27 bad=0  1070 pts/h  eta 15.7 min
  2400/2670  ok=2369 warn=31 bad=0  1072 pts/h  eta 15.1 min
  2410/2670  ok=2375 warn=35 bad=0  1070 pts/h  eta 14.6 min
  2420/2670  ok=2384 warn=36 bad=0  1070 pts/h  eta 14.0 min
  2430/2670  ok=2390 warn=40 bad=0  1072 pts/h  eta 13.4 min
  2440/2670  ok=2399 warn=41 bad=0  1069 pts/h  eta 12.9 min
  2450/2670  ok=2405 warn=45 bad=0  1069 pts/h  eta 12.3 min
  2460/2670  ok=2413 warn=47 bad=0  1072 pts/h  eta 11.8 min
  2470/2670  ok=2416 warn=54 bad=0  1069 pts/h  eta 11.2 min
  2480/2670  ok=2424 warn=56 bad=0  1070 pts/h  eta 10.7 min
  2490/2670  ok=2431 warn=59 bad=0  1071 pts/h  eta 10.1 min
  2500/2670  ok=2435 warn=65 bad=0  1071 pts/h  eta 9.5 min
  2510/2670  ok=2439 warn=71 bad=0  1069 pts/h  eta 9.0 min
  2520/2670  ok=2445 warn=75 bad=0  1070 pts/h  eta 8.4 min
  2530/2670  ok=2450 warn=80 bad=0  1071 pts/h  eta 7.8 min
  2540/2670  ok=2454 warn=86 bad=0  1069 pts/h  eta 7.3 min
  2550/2670  ok=2461 warn=89 bad=0  1070 pts/h  eta 6.7 min
  2560/2670  ok=2465 warn=95 bad=0  1072 pts/h  eta 6.2 min
  2570/2670  ok=2469 warn=101 bad=0  1068 pts/h  eta 5.6 min
  2580/2670  ok=2473 warn=107 bad=0  1070 pts/h  eta 5.0 min
  2590/2670  ok=2478 warn=112 bad=0  1071 pts/h  eta 4.5 min
  2600/2670  ok=2482 warn=118 bad=0  1069 pts/h  eta 3.9 min
  2610/2670  ok=2483 warn=127 bad=0  1069 pts/h  eta 3.4 min
  2620/2670  ok=2488 warn=132 bad=0  1070 pts/h  eta 2.8 min
  2630/2670  ok=2491 warn=139 bad=0  1068 pts/h  eta 2.2 min
  2640/2670  ok=2491 warn=149 bad=0  1068 pts/h  eta 1.7 min
  2650/2670  ok=2491 warn=159 bad=0  1070 pts/h  eta 1.1 min
  2660/2670  ok=2492 warn=168 bad=0  1072 pts/h  eta 0.6 min
  2670/2670  ok=2492 warn=178 bad=0  1073 pts/h  eta 0.0 min

done: 2492 ok, 178 warned, 0 failed, 149.3 min
measured 101 CPU-s per point (was assuming 111)
-> the full 2730-point raster is 76 CPU-hours = 2.5 h on 30 workers

inspect: awk -F, 'NR==1||$14!="ok"' hocl_pes_raster.csv | head -30
