==============================================================================
== HOX Phase 0.5 -- the 3A" manifold along the O-Cl cut
== 4 roots, AVAS ['Cl 3p', 'O 2p'] (minao ano), def2-tzvp, SC-NEVPT2
== r = 3.0 to 3.4 A in 17 points
==============================================================================

     r/A      CAS conv            E0/Ha            E1/Ha            E2/Ha            E3/Ha  gap/eV    w0    w1  |mu0|  |mu1|   t/s
   3.000   (10,6)  yes    -536.64482023    -536.64049836    -536.63723832    -536.48794791   0.118  0.43  0.51   4.40   4.28    18  
   3.025   (10,6)  yes    -536.64470983    -536.64062564    -536.63756904    -536.48818439   0.111  0.43  0.51   4.48   4.36    17  
   3.050   (10,6)  yes    -536.64460453    -536.64073790    -536.63787139    -536.48840256   0.105  0.42  0.51   4.55   4.44    18  
   3.075   (10,6)  yes    -536.64450407    -536.64083846    -536.63814866    -536.48860275   0.100  0.42  0.52   4.63   4.51    17  
   3.100   (10,6)  yes    -536.64440754    -536.64092844    -536.63840305    -536.48878691   0.095  0.42  0.52   4.70   4.59    18  
   3.125   (10,6)  yes    -536.64431441    -536.64100844    -536.63863634    -536.48895780   0.090  0.43  0.52   4.78   4.67    18  
   3.150   (10,6)  yes    -536.64422434    -536.64107916    -536.63885011    -536.48911541   0.086  0.43  0.52   4.85   4.74    19  
   3.175   (10,6)  yes    -536.64413705    -536.64114132    -536.63904553    -536.48925913   0.082  0.44  0.53   4.93   4.82    20  
   3.200   (10,6)  yes    -536.64405217    -536.64119544    -536.63922124    -536.48939002   0.078  0.44  0.53   5.00   4.90    19  
   3.225   (10,6)  yes    -536.64396912    -536.64124136    -536.63938521    -536.48950943   0.074  0.44  0.53   5.08   4.97    19  
   3.250   (10,6)  yes    -536.64388698    -536.64127640    -536.63954434    -536.48961849   0.071  0.45  0.53   5.15   5.04    18  
   3.275   (10,6)  yes    -536.64380554    -536.64130509    -536.63968383    -536.48971813   0.068  0.45  0.53   5.23   5.12    19  
   3.300   (10,6)  yes    -536.64372884    -536.64134622    -536.63981127    -536.48980916   0.065  0.45  0.53   5.30   5.19    18  
   3.325   (10,6)  yes    -536.64365962    -536.64137806    -536.63992804    -536.48989230   0.062  0.46  0.53   5.37   5.26    18  
   3.350   (10,6)  yes    -536.64359638    -536.64140221    -536.64003506    -536.48996817   0.060  0.46  0.54   5.44   5.33    18  
   3.375   (10,6)  yes    -536.64353765    -536.64142090    -536.64013313    -536.49003730   0.058  0.46  0.54   5.52   5.40    19  
   3.400   (10,6)  yes    -536.64347964    -536.64143816    -536.64022294    -536.49010014   0.056  0.46  0.54   5.59   5.47    17  

  wrote hocl_triplet_manifold_cas3.csv
  wrote hocl_triplet_manifold_cas3.png

==============================================================================
== verdict
==============================================================================
  smallest root 1 - root 0 gap: 0.056 eV at r = 3.40 A  (grid spacing 0.025 A)
  dipoles: root 0 |mu| 5.44 -> 5.59 D, root 1 5.33 -> 5.47 D across r = 3.35-3.40 A  -> not exchanged
  dominant-configuration weight dip near the minimum: root 0 -0.02, root 1 -0.01 below their scan medians  -> no localised mixing
  05 UCCSD(T) max T1 at r = 2.60 A, 0.80 A from the gap minimum

  -> INCONCLUSIVE at this resolution. Rerun on a narrow window around 3.40 A,
     e.g. --rmin 3.20 --rmax 3.60 --npoints 17.

  Landau-Zener: not estimated (no kinetic energy or parallel diabats at the crossing)

  cost: 9892 CPU-s over 17 points (582 CPU-s/point, 5.2 min wall)
