========================================================================
== HOCl equilibrium geometry and harmonic force field
== CCSD(T)/cc-pvtz-dk with x2c, 3x3x3 grid, quadratic fit
========================================================================

  round 1: 27 points, 27 to compute
    [1/27] 1.6891, 0.9644, 102.96: ok (9.97 s)
    [2/27] 1.6891, 0.9644, 99.96: ok (10.03 s)
    [3/27] 1.6891, 0.9344, 105.96: ok (10.06 s)
    [4/27] 1.6891, 0.9644, 105.96: ok (10.08 s)
    [5/27] 1.6891, 0.9944, 99.96: ok (10.08 s)
    [6/27] 1.7191, 0.9944, 99.96: ok (12.24 s)
    [7/27] 1.7191, 0.9944, 102.96: ok (12.32 s)
    [8/27] 1.6591, 0.9944, 105.96: ok (12.86 s)
    [9/27] 1.6891, 0.9344, 99.96: ok (12.98 s)
    [10/27] 1.6891, 0.9344, 102.96: ok (13.47 s)
    [11/27] 1.7191, 0.9944, 105.96: ok (13.48 s)
    [12/27] 1.6891, 0.9944, 105.96: ok (16.01 s)
    [13/27] 1.6591, 0.9344, 105.96: ok (16.85 s)
    [14/27] 1.6591, 0.9344, 102.96: ok (17.5 s)
    [15/27] 1.7191, 0.9344, 99.96: ok (17.58 s)
    [16/27] 1.6591, 0.9644, 99.96: ok (17.65 s)
    [17/27] 1.7191, 0.9344, 102.96: ok (17.68 s)
    [18/27] 1.7191, 0.9644, 99.96: ok (17.82 s)
    [19/27] 1.6591, 0.9644, 105.96: ok (17.82 s)
    [20/27] 1.6591, 0.9644, 102.96: ok (17.85 s)
    [21/27] 1.7191, 0.9344, 105.96: ok (17.85 s)
    [22/27] 1.6591, 0.9944, 102.96: ok (17.88 s)
    [23/27] 1.7191, 0.9644, 105.96: ok (17.88 s)
    [24/27] 1.6891, 0.9944, 102.96: ok (17.89 s)
    [25/27] 1.6591, 0.9344, 99.96: ok (17.89 s)
    [26/27] 1.6591, 0.9944, 99.96: ok (17.89 s)
    [27/27] 1.7191, 0.9644, 102.96: ok (17.89 s)
  round done in 0.3 min

  27 of 27 points usable
  worst T1 diagnostic 0.0075

  quadratic fit rms residual 0.145 meV (how far the surface departs from a quadratic over this grid)
  stationary point moved from the grid centre by +0.0178 A, +0.0004 A, -1.081 deg

  equilibrium geometry (CCSD(T)/cc-pvtz-dk, x2c):
      r(O-Cl) = 1.7069 A
      r(O-H)  = 0.9648 A
      angle   = 101.88 deg
      against the literature values used so far: 1.6891, 0.9644, 102.96  (diff +0.0178, +0.0004, -1.08)

  harmonic frequencies, cm-1 (ascending):
            calc   obs fund.  calc/obs   assignment
           769.4      724.36     1.062   nu3  O-Cl stretch
          1279.8     1238.62     1.033   nu2  bend
          3817.9     3609.48     1.058   nu1  O-H stretch

  Harmonic frequencies should land a few percent ABOVE the observed
  fundamentals: anharmonicity is negative, and for X-H stretches it is worth
  4-6%. A ratio below 1.00, or above ~1.10, means the fit or the force field
  is wrong rather than merely approximate.

  v=1 populations from the CALCULATED frequencies:
                        mode     220 K     298 K
           nu3  O-Cl stretch     0.65%     2.44%
                   nu2  bend     0.02%     0.21%
            nu1  O-H stretch     0.00%     0.00%
      (this is what sigma(lambda, T) is a Boltzmann average over;
       the O-X stretch dominates and it IS the dissociation
       coordinate, so the 1D model already carries it)

  csv: /home/johan/projects/strix-halo-photodissociation-dynamics/HOX/HOBr/data/hocl_geometry.csv
