==============================================================================
== J(HOBr), clear sky at the surface, O3 300 DU, phi = 1
==============================================================================
  visible band f: Ingham 6.20e-05, Barnes 4.72e-05

  --- direct: direct beam only (reddest) ---
   SZA            JPL-2010        Ingham (fit)              Barnes  computed, f=Ingham  computed, f=Barnes  vis share (JPL)
     0           1.286e-03           1.288e-03           1.122e-03           1.180e-03           1.103e-03              33%
    30           1.196e-03           1.198e-03           1.036e-03           1.092e-03           1.017e-03              35%
    60           8.328e-04           8.350e-04           6.945e-04           7.387e-04           6.774e-04              42%
    70           5.891e-04           5.909e-04           4.713e-04           5.059e-04           4.561e-04              49%
    80           2.518e-04           2.529e-04           1.798e-04           1.970e-04           1.696e-04              67%
    85           7.863e-05           7.911e-05           4.977e-05           5.517e-05           4.478e-05              85%
    88           1.248e-05           1.262e-05           8.134e-06           8.700e-06           6.750e-06              96%
    90           4.720e-07           4.862e-07           5.410e-07           4.906e-07           3.745e-07              99%

  ratio to JPL-2010:
   SZA        Ingham (fit)              Barnes  computed, f=Ingham  computed, f=Barnes
     0               1.002               0.873               0.918               0.858
    30               1.002               0.866               0.913               0.851
    60               1.003               0.834               0.887               0.813
    70               1.003               0.800               0.859               0.774
    80               1.004               0.714               0.783               0.673
    85               1.006               0.633               0.702               0.569
    88               1.011               0.652               0.697               0.541
    90               1.030               1.146               1.039               0.794

  --- noRay: no net Rayleigh loss (bluest) ---
   SZA            JPL-2010        Ingham (fit)              Barnes  computed, f=Ingham  computed, f=Barnes  vis share (JPL)
     0           2.069e-03           2.072e-03           1.876e-03           1.953e-03           1.855e-03              25%
    30           2.054e-03           2.057e-03           1.861e-03           1.938e-03           1.840e-03              26%
    60           1.996e-03           1.999e-03           1.804e-03           1.882e-03           1.784e-03              26%
    70           1.957e-03           1.961e-03           1.766e-03           1.843e-03           1.745e-03              27%
    80           1.891e-03           1.894e-03           1.700e-03           1.778e-03           1.681e-03              27%
    85           1.835e-03           1.839e-03           1.647e-03           1.724e-03           1.628e-03              28%
    88           1.799e-03           1.803e-03           1.612e-03           1.689e-03           1.593e-03              28%
    90           1.788e-03           1.792e-03           1.602e-03           1.678e-03           1.583e-03              28%

  ratio to JPL-2010:
   SZA        Ingham (fit)              Barnes  computed, f=Ingham  computed, f=Barnes
     0               1.001               0.907               0.944               0.897
    30               1.002               0.906               0.944               0.896
    60               1.002               0.904               0.943               0.893
    70               1.002               0.902               0.942               0.892
    80               1.002               0.899               0.940               0.889
    85               1.002               0.897               0.939               0.887
    88               1.002               0.896               0.939               0.886
    90               1.002               0.896               0.939               0.885

  temperature: J(220 K) / J(298 K), only the visible band's T-dependence (this work);
  the UV bands' is not known here and is held fixed.
   SZA      direct       noRay   (visible band = computed, f=Barnes)
     0       1.001       1.001
    30       1.001       1.001
    60       1.001       1.001
    70       1.001       1.001
    80       0.999       1.001
    85       0.993       1.001
    88       0.967       1.001
    90       0.885       1.001

  wrote /home/johan/Projects/strix-halo-photodissociation-dynamics/HOX/HOBr/data/j_hobr.png
