==============================================================================
== HOX Phase 2 -- 3D CCSD(T) + EOM-CCSD raster for HOBr
==============================================================================
  r(O-Br) 1.55-2.45 A, 19 points
  r(O-H)  0.8-1.25 A, 10 points
  angle   75.0-135.0 deg, 13 points
  total   2470 geometries, cc-pvtz-dk, 5 EOM roots
  estimate 329 CPU-hours = 11.0 h on 30 workers at 480 s/point
  40 already in /home/johan/projects/strix-halo-photodissociation-dynamics/HOX/HOBr/data/hobr_pes_raster.csv, 2430 to run

  10/2430  ok=10 warn=0 bad=0  78 pts/h  eta 1865.4 min
  20/2430  ok=20 warn=0 bad=0  146 pts/h  eta 990.2 min
  30/2430  ok=30 warn=0 bad=0  204 pts/h  eta 705.2 min
  40/2430  ok=40 warn=0 bad=0  166 pts/h  eta 865.2 min
  50/2430  ok=50 warn=0 bad=0  198 pts/h  eta 722.0 min
  60/2430  ok=60 warn=0 bad=0  229 pts/h  eta 619.8 min
  70/2430  ok=70 warn=0 bad=0  202 pts/h  eta 702.0 min
  80/2430  ok=80 warn=0 bad=0  216 pts/h  eta 652.6 min
  90/2430  ok=90 warn=0 bad=0  235 pts/h  eta 597.4 min
  100/2430  ok=100 warn=0 bad=0  218 pts/h  eta 640.6 min
  110/2430  ok=110 warn=0 bad=0  229 pts/h  eta 608.9 min
  120/2430  ok=120 warn=0 bad=0  242 pts/h  eta 573.8 min
  130/2430  ok=130 warn=0 bad=0  224 pts/h  eta 615.8 min
  140/2430  ok=140 warn=0 bad=0  229 pts/h  eta 598.9 min
  150/2430  ok=150 warn=0 bad=0  240 pts/h  eta 570.0 min
  160/2430  ok=160 warn=0 bad=0  229 pts/h  eta 594.7 min
  170/2430  ok=170 warn=0 bad=0  237 pts/h  eta 573.2 min
  180/2430  ok=180 warn=0 bad=0  242 pts/h  eta 558.4 min
  190/2430  ok=190 warn=0 bad=0  242 pts/h  eta 556.2 min
  200/2430  ok=200 warn=0 bad=0  239 pts/h  eta 559.7 min
  210/2430  ok=210 warn=0 bad=0  244 pts/h  eta 545.6 min
  220/2430  ok=220 warn=0 bad=0  248 pts/h  eta 534.7 min
  230/2430  ok=230 warn=0 bad=0  242 pts/h  eta 545.4 min
  240/2430  ok=240 warn=0 bad=0  244 pts/h  eta 539.3 min
  250/2430  ok=250 warn=0 bad=0  251 pts/h  eta 521.6 min
  260/2430  ok=260 warn=0 bad=0  241 pts/h  eta 539.3 min
  270/2430  ok=270 warn=0 bad=0  242 pts/h  eta 535.6 min
  280/2430  ok=280 warn=0 bad=0  247 pts/h  eta 522.5 min
  290/2430  ok=290 warn=0 bad=0  244 pts/h  eta 525.8 min
  300/2430  ok=300 warn=0 bad=0  241 pts/h  eta 530.6 min
  310/2430  ok=310 warn=0 bad=0  246 pts/h  eta 518.0 min
  320/2430  ok=320 warn=0 bad=0  245 pts/h  eta 516.3 min
  330/2430  ok=330 warn=0 bad=0  241 pts/h  eta 523.3 min
  340/2430  ok=340 warn=0 bad=0  245 pts/h  eta 512.0 min
  350/2430  ok=350 warn=0 bad=0  248 pts/h  eta 503.3 min
  360/2430  ok=360 warn=0 bad=0  243 pts/h  eta 511.9 min
  370/2430  ok=370 warn=0 bad=0  246 pts/h  eta 502.8 min
  380/2430  ok=380 warn=0 bad=0  249 pts/h  eta 494.1 min
  390/2430  ok=390 warn=0 bad=0  244 pts/h  eta 502.6 min
  400/2430  ok=400 warn=0 bad=0  246 pts/h  eta 495.5 min
  410/2430  ok=410 warn=0 bad=0  249 pts/h  eta 487.1 min
  420/2430  ok=420 warn=0 bad=0  245 pts/h  eta 493.0 min
  430/2430  ok=430 warn=0 bad=0  245 pts/h  eta 489.8 min
  440/2430  ok=440 warn=0 bad=0  246 pts/h  eta 484.5 min
  450/2430  ok=450 warn=0 bad=0  245 pts/h  eta 484.1 min
  460/2430  ok=460 warn=0 bad=0  244 pts/h  eta 484.5 min
  470/2430  ok=470 warn=0 bad=0  246 pts/h  eta 478.2 min
  480/2430  ok=480 warn=0 bad=0  246 pts/h  eta 474.9 min
  490/2430  ok=490 warn=0 bad=0  245 pts/h  eta 475.9 min
  500/2430  ok=500 warn=0 bad=0  246 pts/h  eta 470.3 min
  510/2430  ok=510 warn=0 bad=0  247 pts/h  eta 466.5 min
  520/2430  ok=520 warn=0 bad=0  245 pts/h  eta 468.4 min
  530/2430  ok=530 warn=0 bad=0  246 pts/h  eta 462.6 min
  540/2430  ok=540 warn=0 bad=0  247 pts/h  eta 459.1 min
  550/2430  ok=550 warn=0 bad=0  247 pts/h  eta 457.4 min
  560/2430  ok=560 warn=0 bad=0  246 pts/h  eta 455.3 min
  570/2430  ok=570 warn=0 bad=0  247 pts/h  eta 451.0 min
  580/2430  ok=580 warn=0 bad=0  246 pts/h  eta 451.6 min
  590/2430  ok=590 warn=0 bad=0  246 pts/h  eta 448.8 min
  600/2430  ok=600 warn=0 bad=0  246 pts/h  eta 445.6 min
  610/2430  ok=610 warn=0 bad=0  246 pts/h  eta 443.4 min
  620/2430  ok=620 warn=0 bad=0  245 pts/h  eta 442.7 min
  630/2430  ok=630 warn=0 bad=0  247 pts/h  eta 437.9 min
  640/2430  ok=640 warn=0 bad=0  246 pts/h  eta 436.2 min
  650/2430  ok=650 warn=0 bad=0  247 pts/h  eta 432.6 min
  660/2430  ok=660 warn=0 bad=0  247 pts/h  eta 430.2 min
  670/2430  ok=670 warn=0 bad=0  247 pts/h  eta 426.9 min
  680/2430  ok=680 warn=0 bad=0  247 pts/h  eta 425.9 min
  690/2430  ok=690 warn=0 bad=0  248 pts/h  eta 421.5 min
  700/2430  ok=700 warn=0 bad=0  248 pts/h  eta 418.3 min
  710/2430  ok=710 warn=0 bad=0  248 pts/h  eta 416.5 min
  720/2430  ok=720 warn=0 bad=0  246 pts/h  eta 416.2 min
  730/2430  ok=730 warn=0 bad=0  248 pts/h  eta 411.2 min
  740/2430  ok=740 warn=0 bad=0  247 pts/h  eta 410.6 min
  750/2430  ok=750 warn=0 bad=0  246 pts/h  eta 409.2 min
  760/2430  ok=760 warn=0 bad=0  247 pts/h  eta 405.3 min
  770/2430  ok=770 warn=0 bad=0  248 pts/h  eta 401.6 min
  780/2430  ok=780 warn=0 bad=0  248 pts/h  eta 400.0 min
  790/2430  ok=790 warn=0 bad=0  248 pts/h  eta 396.4 min
  800/2430  ok=800 warn=0 bad=0  250 pts/h  eta 392.0 min
  810/2430  ok=810 warn=0 bad=0  249 pts/h  eta 390.9 min
  820/2430  ok=820 warn=0 bad=0  249 pts/h  eta 388.4 min
  830/2430  ok=830 warn=0 bad=0  251 pts/h  eta 382.8 min
  840/2430  ok=840 warn=0 bad=0  250 pts/h  eta 382.1 min
  850/2430  ok=850 warn=0 bad=0  249 pts/h  eta 380.1 min
  860/2430  ok=860 warn=0 bad=0  250 pts/h  eta 376.8 min
  870/2430  ok=870 warn=0 bad=0  250 pts/h  eta 374.4 min
  880/2430  ok=880 warn=0 bad=0  249 pts/h  eta 373.6 min
  890/2430  ok=890 warn=0 bad=0  250 pts/h  eta 370.1 min
  900/2430  ok=900 warn=0 bad=0  250 pts/h  eta 367.0 min
  910/2430  ok=910 warn=0 bad=0  250 pts/h  eta 364.5 min
  920/2430  ok=920 warn=0 bad=0  250 pts/h  eta 362.2 min
  930/2430  ok=930 warn=0 bad=0  252 pts/h  eta 357.8 min
  940/2430  ok=940 warn=0 bad=0  251 pts/h  eta 356.2 min
  950/2430  ok=950 warn=0 bad=0  251 pts/h  eta 354.0 min
  960/2430  ok=960 warn=0 bad=0  252 pts/h  eta 349.8 min
  970/2430  ok=970 warn=0 bad=0  252 pts/h  eta 347.2 min
  980/2430  ok=980 warn=0 bad=0  252 pts/h  eta 345.5 min
  990/2430  ok=990 warn=0 bad=0  252 pts/h  eta 342.5 min
  1000/2430  ok=1000 warn=0 bad=0  252 pts/h  eta 340.9 min
  1010/2430  ok=1010 warn=0 bad=0  253 pts/h  eta 337.4 min
  1020/2430  ok=1020 warn=0 bad=0  252 pts/h  eta 335.7 min
  1030/2430  ok=1030 warn=0 bad=0  252 pts/h  eta 333.9 min
  1040/2430  ok=1040 warn=0 bad=0  251 pts/h  eta 331.9 min
  1050/2430  ok=1050 warn=0 bad=0  252 pts/h  eta 328.7 min
  1060/2430  ok=1060 warn=0 bad=0  252 pts/h  eta 326.6 min
  1070/2430  ok=1070 warn=0 bad=0  252 pts/h  eta 323.6 min
  1080/2430  ok=1080 warn=0 bad=0  253 pts/h  eta 320.8 min
  1090/2430  ok=1090 warn=0 bad=0  253 pts/h  eta 318.3 min
  1100/2430  ok=1100 warn=0 bad=0  253 pts/h  eta 315.6 min
  1110/2430  ok=1110 warn=0 bad=0  253 pts/h  eta 312.8 min
  1120/2430  ok=1120 warn=0 bad=0  254 pts/h  eta 309.9 min
  1130/2430  ok=1130 warn=0 bad=0  253 pts/h  eta 308.1 min
  1140/2430  ok=1140 warn=0 bad=0  253 pts/h  eta 305.8 min
  1150/2430  ok=1150 warn=0 bad=0  254 pts/h  eta 302.5 min
  1160/2430  ok=1160 warn=0 bad=0  253 pts/h  eta 300.9 min
  1170/2430  ok=1170 warn=0 bad=0  254 pts/h  eta 297.7 min
  1180/2430  ok=1180 warn=0 bad=0  253 pts/h  eta 296.5 min
  1190/2430  ok=1190 warn=0 bad=0  253 pts/h  eta 293.7 min
  1200/2430  ok=1200 warn=0 bad=0  253 pts/h  eta 291.7 min
  1210/2430  ok=1210 warn=0 bad=0  253 pts/h  eta 289.0 min
  1220/2430  ok=1220 warn=0 bad=0  254 pts/h  eta 286.2 min
  1230/2430  ok=1230 warn=0 bad=0  253 pts/h  eta 284.3 min
  1240/2430  ok=1240 warn=0 bad=0  254 pts/h  eta 281.3 min
  1250/2430  ok=1250 warn=0 bad=0  255 pts/h  eta 278.0 min
  1260/2430  ok=1260 warn=0 bad=0  254 pts/h  eta 276.7 min
  1270/2430  ok=1270 warn=0 bad=0  254 pts/h  eta 274.1 min
  1280/2430  ok=1280 warn=0 bad=0  255 pts/h  eta 270.7 min
  1290/2430  ok=1290 warn=0 bad=0  254 pts/h  eta 269.4 min
  1300/2430  ok=1300 warn=0 bad=0  254 pts/h  eta 266.8 min
  1310/2430  ok=1310 warn=0 bad=0  255 pts/h  eta 263.9 min
  1320/2430  ok=1320 warn=0 bad=0  254 pts/h  eta 262.1 min
  1330/2430  ok=1330 warn=0 bad=0  254 pts/h  eta 259.9 min
  1340/2430  ok=1340 warn=0 bad=0  255 pts/h  eta 256.5 min
  1350/2430  ok=1350 warn=0 bad=0  255 pts/h  eta 254.0 min
  1360/2430  ok=1360 warn=0 bad=0  254 pts/h  eta 252.8 min
  1370/2430  ok=1370 warn=0 bad=0  255 pts/h  eta 249.2 min
  1380/2430  ok=1380 warn=0 bad=0  255 pts/h  eta 247.3 min
  1390/2430  ok=1390 warn=0 bad=0  254 pts/h  eta 245.6 min
  1400/2430  ok=1400 warn=0 bad=0  255 pts/h  eta 242.3 min
  1410/2430  ok=1410 warn=0 bad=0  254 pts/h  eta 240.5 min
  1420/2430  ok=1420 warn=0 bad=0  254 pts/h  eta 238.5 min
  1430/2430  ok=1430 warn=0 bad=0  255 pts/h  eta 235.6 min
  1440/2430  ok=1440 warn=0 bad=0  255 pts/h  eta 233.4 min
  1450/2430  ok=1450 warn=0 bad=0  254 pts/h  eta 231.5 min
  1460/2430  ok=1460 warn=0 bad=0  254 pts/h  eta 229.0 min
  1470/2430  ok=1470 warn=0 bad=0  255 pts/h  eta 226.2 min
  1480/2430  ok=1480 warn=0 bad=0  254 pts/h  eta 224.5 min
  1490/2430  ok=1490 warn=0 bad=0  255 pts/h  eta 221.5 min
  1500/2430  ok=1500 warn=0 bad=0  254 pts/h  eta 219.3 min
  1510/2430  ok=1510 warn=0 bad=0  254 pts/h  eta 217.7 min
  1520/2430  ok=1520 warn=0 bad=0  254 pts/h  eta 215.0 min
  1530/2430  ok=1530 warn=0 bad=0  254 pts/h  eta 212.2 min
  1540/2430  ok=1540 warn=0 bad=0  253 pts/h  eta 210.9 min
  1550/2430  ok=1550 warn=0 bad=0  254 pts/h  eta 208.0 min
  1560/2430  ok=1560 warn=0 bad=0  254 pts/h  eta 205.3 min
  1570/2430  ok=1570 warn=0 bad=0  253 pts/h  eta 203.6 min
  1580/2430  ok=1580 warn=0 bad=0  254 pts/h  eta 201.1 min
  1590/2430  ok=1590 warn=0 bad=0  254 pts/h  eta 198.5 min
  1600/2430  ok=1600 warn=0 bad=0  253 pts/h  eta 196.6 min
  1610/2430  ok=1610 warn=0 bad=0  254 pts/h  eta 194.0 min
  1620/2430  ok=1620 warn=0 bad=0  254 pts/h  eta 191.6 min
  1630/2430  ok=1630 warn=0 bad=0  253 pts/h  eta 189.5 min
  1640/2430  ok=1640 warn=0 bad=0  253 pts/h  eta 187.2 min
  1650/2430  ok=1650 warn=0 bad=0  253 pts/h  eta 184.7 min
  1660/2430  ok=1660 warn=0 bad=0  253 pts/h  eta 182.6 min
  1670/2430  ok=1670 warn=0 bad=0  253 pts/h  eta 180.3 min
  1680/2430  ok=1680 warn=0 bad=0  253 pts/h  eta 177.8 min
  1690/2430  ok=1690 warn=0 bad=0  253 pts/h  eta 175.4 min
  1700/2430  ok=1700 warn=0 bad=0  253 pts/h  eta 173.4 min
  1710/2430  ok=1710 warn=0 bad=0  253 pts/h  eta 170.6 min
  1720/2430  ok=1720 warn=0 bad=0  253 pts/h  eta 168.4 min
  1730/2430  ok=1730 warn=0 bad=0  253 pts/h  eta 165.7 min
  1740/2430  ok=1740 warn=0 bad=0  253 pts/h  eta 163.7 min
  1750/2430  ok=1750 warn=0 bad=0  253 pts/h  eta 161.4 min
  1760/2430  ok=1760 warn=0 bad=0  253 pts/h  eta 159.0 min
  1770/2430  ok=1770 warn=0 bad=0  253 pts/h  eta 156.7 min
  1780/2430  ok=1780 warn=0 bad=0  252 pts/h  eta 154.5 min
  1790/2430  ok=1790 warn=0 bad=0  253 pts/h  eta 151.9 min
  1800/2430  ok=1800 warn=0 bad=0  252 pts/h  eta 149.9 min
  1810/2430  ok=1810 warn=0 bad=0  253 pts/h  eta 147.2 min
  1820/2430  ok=1820 warn=0 bad=0  253 pts/h  eta 144.9 min
  1830/2430  ok=1830 warn=0 bad=0  252 pts/h  eta 142.8 min
  1840/2430  ok=1840 warn=0 bad=0  253 pts/h  eta 140.2 min
  1850/2430  ok=1850 warn=0 bad=0  252 pts/h  eta 137.9 min
  1860/2430  ok=1860 warn=0 bad=0  252 pts/h  eta 135.8 min
  1870/2430  ok=1870 warn=0 bad=0  253 pts/h  eta 133.0 min
  1880/2430  ok=1880 warn=0 bad=0  252 pts/h  eta 130.7 min
  1890/2430  ok=1890 warn=0 bad=0  252 pts/h  eta 128.6 min
  1900/2430  ok=1900 warn=0 bad=0  252 pts/h  eta 126.1 min
  1910/2430  ok=1910 warn=0 bad=0  252 pts/h  eta 123.6 min
  1920/2430  ok=1920 warn=0 bad=0  252 pts/h  eta 121.6 min
  1930/2430  ok=1930 warn=0 bad=0  252 pts/h  eta 119.0 min
  1940/2430  ok=1940 warn=0 bad=0  252 pts/h  eta 116.5 min
  1950/2430  ok=1950 warn=0 bad=0  252 pts/h  eta 114.4 min
  1960/2430  ok=1960 warn=0 bad=0  252 pts/h  eta 112.0 min
  1970/2430  ok=1970 warn=0 bad=0  252 pts/h  eta 109.5 min
  1980/2430  ok=1980 warn=0 bad=0  252 pts/h  eta 107.3 min
  1990/2430  ok=1990 warn=0 bad=0  252 pts/h  eta 104.8 min
  2000/2430  ok=2000 warn=0 bad=0  252 pts/h  eta 102.4 min
  2010/2430  ok=2010 warn=0 bad=0  252 pts/h  eta 100.1 min
  2020/2430  ok=2020 warn=0 bad=0  252 pts/h  eta 97.7 min
  2030/2430  ok=2030 warn=0 bad=0  252 pts/h  eta 95.3 min
  2040/2430  ok=2039 warn=1 bad=0  251 pts/h  eta 93.2 min
  2050/2430  ok=2049 warn=1 bad=0  251 pts/h  eta 90.7 min
  2060/2430  ok=2059 warn=1 bad=0  251 pts/h  eta 88.3 min
  2070/2430  ok=2067 warn=3 bad=0  251 pts/h  eta 86.1 min
  2080/2430  ok=2077 warn=3 bad=0  251 pts/h  eta 83.6 min
  2090/2430  ok=2087 warn=3 bad=0  251 pts/h  eta 81.2 min
  2100/2430  ok=2097 warn=3 bad=0  251 pts/h  eta 78.9 min
  2110/2430  ok=2107 warn=3 bad=0  251 pts/h  eta 76.4 min
  2120/2430  ok=2117 warn=3 bad=0  251 pts/h  eta 74.1 min
  2130/2430  ok=2127 warn=3 bad=0  251 pts/h  eta 71.8 min
  2140/2430  ok=2137 warn=3 bad=0  251 pts/h  eta 69.4 min
  2150/2430  ok=2147 warn=3 bad=0  251 pts/h  eta 67.0 min
  2160/2430  ok=2157 warn=3 bad=0  250 pts/h  eta 64.7 min
  2170/2430  ok=2167 warn=3 bad=0  251 pts/h  eta 62.2 min
  2180/2430  ok=2176 warn=4 bad=0  251 pts/h  eta 59.9 min
  2190/2430  ok=2185 warn=5 bad=0  250 pts/h  eta 57.6 min
  2200/2430  ok=2194 warn=6 bad=0  251 pts/h  eta 55.1 min
  2210/2430  ok=2203 warn=7 bad=0  250 pts/h  eta 52.8 min
  2220/2430  ok=2210 warn=10 bad=0  250 pts/h  eta 50.4 min
  2230/2430  ok=2219 warn=11 bad=0  250 pts/h  eta 48.0 min
  2240/2430  ok=2229 warn=11 bad=0  250 pts/h  eta 45.5 min
  2250/2430  ok=2238 warn=12 bad=0  250 pts/h  eta 43.2 min
  2260/2430  ok=2248 warn=12 bad=0  250 pts/h  eta 40.8 min
  2270/2430  ok=2257 warn=13 bad=0  250 pts/h  eta 38.4 min
  2280/2430  ok=2266 warn=14 bad=0  250 pts/h  eta 36.1 min
  2290/2430  ok=2275 warn=15 bad=0  249 pts/h  eta 33.7 min
  2300/2430  ok=2285 warn=15 bad=0  250 pts/h  eta 31.2 min
  2310/2430  ok=2295 warn=15 bad=0  250 pts/h  eta 28.9 min
  2320/2430  ok=2302 warn=18 bad=0  249 pts/h  eta 26.5 min
  2330/2430  ok=2309 warn=21 bad=0  249 pts/h  eta 24.1 min
  2340/2430  ok=2318 warn=22 bad=0  250 pts/h  eta 21.6 min
  2350/2430  ok=2326 warn=24 bad=0  249 pts/h  eta 19.3 min
  2360/2430  ok=2332 warn=28 bad=0  249 pts/h  eta 16.9 min
  2370/2430  ok=2341 warn=29 bad=0  249 pts/h  eta 14.5 min
  2380/2430  ok=2349 warn=31 bad=0  249 pts/h  eta 12.0 min
  2390/2430  ok=2357 warn=33 bad=0  249 pts/h  eta 9.6 min
  2400/2430  ok=2364 warn=36 bad=0  249 pts/h  eta 7.2 min
  2410/2430  ok=2372 warn=38 bad=0  249 pts/h  eta 4.8 min
  2420/2430  ok=2381 warn=39 bad=0  249 pts/h  eta 2.4 min
  2430/2430  ok=2389 warn=41 bad=0  250 pts/h  eta 0.0 min

done: 2389 ok, 41 warned, 0 failed, 583.6 min
measured 432 CPU-s per point (was assuming 480)
-> the full 2470-point raster is 297 CPU-hours = 9.9 h on 30 workers

inspect: awk -F, 'NR==1||$14!="ok"' /home/johan/projects/strix-halo-photodissociation-dynamics/HOX/HOBr/data/hobr_pes_raster.csv | head -30
