grid (256, 48, 48); 4 states (v0, nu3 (O-Br stretch), nu2 (bend), 2 nu3); 6000 steps of 1.0 au = 145 fs; absorber in R from 7.5 bohr
FC-averaged vertical from v0 2.643 eV = 469 nm; Condon |mu| from f 1.51e-05
  v0                   |S(T)|/|S(0)| = 2.1e-06
  nu3 (O-Br stretch)   |S(T)|/|S(0)| = 1.7e-05
  nu2 (bend)           |S(T)|/|S(0)| = 1.0e-06
  2 nu3                |S(T)|/|S(0)| = 1.3e-04

sum rule, v0: Int (sigma/E) dE / (4 pi^2 mu^2 / 3c) = 1.0000

     T/K                pops (v0, ...)  peak/nm  peak sigma  FWHM/eV  red HWHM
     200   98.81%, 1.15%, 0.02%, 0.01%    444.0    2.98e-21    0.557     0.260
     220   98.21%, 1.72%, 0.05%, 0.03%    443.8    2.96e-21    0.559     0.262
     250   97.05%, 2.76%, 0.11%, 0.08%    443.7    2.93e-21    0.565     0.265
     298   94.65%, 4.77%, 0.33%, 0.25%    443.2    2.87e-21    0.575     0.272

  scale to match the measured band's integrated f: Barnes 1996 x3.1, Ingham 1998 x4.1

  the band, 298 K:
                            peak/nm  FWHM/eV  red HWHM
    3D (this run)             443.2    0.575     0.272
    1D (03)                   436.7    0.570     0.268
    Barnes 1996               437.0    0.548     0.282
    Ingham 1998 (= JPL)       457.0    0.281     0.152

  sigma(298)/sigma(220):
        nm  as computed  Ingham-aligned  sigma/peak
       400        1.014           1.030        0.50
       420        0.988           1.002        0.83
       440        0.972           0.981        1.00
       457        0.968           0.970        0.94
       480        0.985           0.971        0.66
       500        1.029           0.990        0.38
       520        1.120           1.036        0.18
       550        1.427           1.194        0.04
  'as computed' is the read if Barnes's band position is right (the 3D band is where it
  is); 'Ingham-aligned' shifts it rigidly onto 457 nm first.

  wrote /home/johan/projects/strix-halo-photodissociation-dynamics/HOX/HOBr/data/sigma_hobr_3d.npz
  wrote /home/johan/projects/strix-halo-photodissociation-dynamics/HOX/HOBr/data/sigma_hobr_3d.png
