grid (256, 48, 48); 4 states (v0, nu3 (O-Br stretch), nu2 (bend), 2 nu3); 6000 steps of 1.0 au = 145 fs; absorber in R from 7.5 bohr
mu from hobr_mu_soc_scan.csv: 9 points along O-Br, 3 in the bend; d ln|mu|^2/dr -4.23 /A; |mu|^2 across the bend points 90 deg 0.88, 102 deg 1.00, 115 deg 1.09
         <|mu|^2>^1/2 over chi_0 1.442e-02 au (|mu| at the minimum 1.456e-02)
<V_ex> - E0 over v0: 2.643 eV (the band centre adds chi_0's kinetic energy); Condon |mu| from f 1.51e-05
  v0                   |S(T)|/|S(0)| = 1.4e-06
  nu3 (O-Br stretch)   |S(T)|/|S(0)| = 8.4e-06
  nu2 (bend)           |S(T)|/|S(0)| = 8.0e-07
  2 nu3                |S(T)|/|S(0)| = 6.3e-05

sum rule, v0: Int (sigma/E) dE / (4 pi^2 S(0) / 3c) = 1.0000

     T/K                pops (v0, ...)  peak/nm  peak sigma  FWHM/eV  red HWHM
     200   98.81%, 1.15%, 0.02%, 0.01%    436.6    2.63e-21    0.571     0.267
     220   98.21%, 1.72%, 0.05%, 0.03%    436.5    2.62e-21    0.573     0.268
     250   97.05%, 2.76%, 0.11%, 0.08%    436.2    2.60e-21    0.578     0.271
     298   94.65%, 4.77%, 0.33%, 0.25%    435.4    2.55e-21    0.588     0.278

  scale to match the measured band's integrated f: Barnes 1996 x3.1, Ingham 1998 x4.1

  the band, 298 K:
                            peak/nm  FWHM/eV  red HWHM
    3D (this run)             435.4    0.588     0.278
    1D (03)                   436.7    0.570     0.268
    Barnes 1996               437.0    0.548     0.282
    Ingham 1998 (= JPL)       457.0    0.281     0.152

  sigma(298)/sigma(220):
        nm  as computed  Ingham-aligned  sigma/peak
       400        1.014           1.041        0.63
       420        0.988           1.012        0.92
       440        0.972           0.988        0.99
       457        0.968           0.975        0.86
       480        0.984           0.968        0.53
       500        1.029           0.977        0.28
       520        1.120           1.007        0.12
       550        1.423           1.114        0.03
  'as computed' is the read if Barnes's band position is right (the 3D band is where it
  is); 'Ingham-aligned' shifts it rigidly onto 457 nm first.

  non-Condon against Condon, sigma(298)/sigma(220) as computed:
        nm   Condon    mu(q)   change
       420    0.988    0.988   +0.000
       440    0.972    0.972   +0.000
       457    0.968    0.968   -0.000
       480    0.985    0.984   -0.000
       500    1.029    1.029   -0.000
       520    1.120    1.120   -0.001
       550    1.427    1.423   -0.004
    band at 298 K: Condon 443.2 nm / 0.575 eV, mu(q) 435.4 nm / 0.588 eV

  wrote /home/johan/projects/strix-halo-photodissociation-dynamics/HOX/HOBr/data/sigma_hobr_3d_noncondon.npz
  wrote /home/johan/projects/strix-halo-photodissociation-dynamics/HOX/HOBr/data/sigma_hobr_3d_noncondon.png
