========================================================================
== HOCl vertical a 3A" with SOC: borrowed f and the spin-orbit shift
== def2-tzvp, DKH1-QD-NEVPT2, 6 Ms=0 roots, geometry (1.6891, 0.9644, 102.96)
========================================================================
  AVAS ['Cl 3p', 'O 2p'] selected CAS(12e, 7o)
  reference 140.0 s (nao 74)

   root              E / Ha     <S^2>    2S+1
      0     -536.2363774902    0.0000    1.00
      1     -536.0987314415    2.0000    3.00
      2     -536.0642783535    0.0000    1.00
      3     -536.0572087656    2.0000    3.00
      4     -536.0178467849    0.0000    1.00
      5     -535.9680845984    2.0000    3.00

Computing NEVPT energies...

Method:                                            nevpt2
Method type:                                       qd
Nuclear repulsion energy:                         51.231335948096
Number of electrons:                               26
Number of basis functions:                         74
Reference wavefunction type:                       sa-casscf
Number of reference states:                        6
Number of reference microstates:                   6
Number of frozen orbitals:                         0
Number of core orbitals:                           7
Number of active orbitals:                         7
Number of external orbitals:                       60
Number of active electrons:                        [(np.int64(6), np.int64(6)), (np.int64(6), np.int64(6)), (np.int64(6), np.int64(6)), (np.int64(6), np.int64(6)), (np.int64(6), np.int64(6)), (np.int64(6), np.int64(6))]
Spin–orbit coupling:                               None
G-tensor:                                          False
Reference density fitting?                         False
Correlation density fitting?                       False
Temporary directory path:                          /tmp

Internal contraction:                              Full (= Partial)
Compute singles amplitudes?                        False
Overlap truncation parameter (singles):            1.00e-08
Overlap truncation parameter (doubles):            1.00e-08

Einsum Backend:                                    opt_einsum

Transforming integrals to MO basis...
Correlation energy [0]:                           -0.093897058289

Computing energy of state #1...
Reference state active-space energy:             -35.324586283958
Reference state spin multiplicity:                 1
Number of active electrons:                        [(np.int64(6), np.int64(6))]
Correlation energy [0']:                          -0.018722686056
Correlation energy [+1']:                         -0.000241906611
Correlation energy [-1']:                         -0.063990041555
Correlation energy [+1]:                          -0.004204672214
Correlation energy [-1]:                          -0.082514203018
Correlation energy [+2]:                          -0.000350634225
Correlation energy [-2]:                          -0.234250609330
Correlation energy [0]:                           -0.093897058289
SA-CASSCF reference state total energy:         -536.236377490213
NEVPT2 correlation energy:                        -0.498171811298
Total NEVPT2 energy:                            -536.734549301511

Computing energy of state #2...
Reference state active-space energy:             -35.186940235203
Reference state spin multiplicity:                 3
Number of active electrons:                        [(np.int64(6), np.int64(6))]
Correlation energy [0']:                          -0.019897314509
Correlation energy [+1']:                         -0.000133121681
Correlation energy [-1']:                         -0.072605178220
Correlation energy [+1]:                          -0.004017279720
Correlation energy [-1]:                          -0.082703555110
Correlation energy [+2]:                          -0.000014301013
Correlation energy [-2]:                          -0.235433600646
Correlation energy [0]:                           -0.093897058289
SA-CASSCF reference state total energy:         -536.098731441458
NEVPT2 correlation energy:                        -0.508701409189
Total NEVPT2 energy:                            -536.607432850646

Computing energy of state #3...
Reference state active-space energy:             -35.152487147230
Reference state spin multiplicity:                 1
Number of active electrons:                        [(np.int64(6), np.int64(6))]
Correlation energy [0']:                          -0.019583283999
Correlation energy [+1']:                         -0.000136933967
Correlation energy [-1']:                         -0.072256083518
Correlation energy [+1]:                          -0.003969105665
Correlation energy [-1]:                          -0.082511253821
Correlation energy [+2]:                          -0.000022122140
Correlation energy [-2]:                          -0.237176795355
Correlation energy [0]:                           -0.093897058289
SA-CASSCF reference state total energy:         -536.064278353484
NEVPT2 correlation energy:                        -0.509552636755
Total NEVPT2 energy:                            -536.573830990239

Computing energy of state #4...
Reference state active-space energy:             -35.145417559337
Reference state spin multiplicity:                 3
Number of active electrons:                        [(np.int64(6), np.int64(6))]
Correlation energy [0']:                          -0.018042598448
Correlation energy [+1']:                         -0.000085146706
Correlation energy [-1']:                         -0.075850792270
Correlation energy [+1]:                          -0.004169093179
Correlation energy [-1]:                          -0.084595042365
Correlation energy [+2]:                          -0.000018963169
Correlation energy [-2]:                          -0.238360700887
Correlation energy [0]:                           -0.093897058289
SA-CASSCF reference state total energy:         -536.057208765592
NEVPT2 correlation energy:                        -0.515019395314
Total NEVPT2 energy:                            -536.572228160905

Computing energy of state #5...
Reference state active-space energy:             -35.106055578678
Reference state spin multiplicity:                 1
Number of active electrons:                        [(np.int64(6), np.int64(6))]
Correlation energy [0']:                          -0.018380248807
Correlation energy [+1']:                         -0.000033313022
Correlation energy [-1']:                         -0.077362792890
Correlation energy [+1]:                          -0.004112767727
Correlation energy [-1]:                          -0.084579360091
Correlation energy [+2]:                          -0.000038593558
Correlation energy [-2]:                          -0.240481182228
Correlation energy [0]:                           -0.093897058289
SA-CASSCF reference state total energy:         -536.017846784932
NEVPT2 correlation energy:                        -0.518885316612
Total NEVPT2 energy:                            -536.536732101545

Computing energy of state #6...
Reference state active-space energy:             -35.056293392178
Reference state spin multiplicity:                 3
Number of active electrons:                        [(np.int64(6), np.int64(6))]
Correlation energy [0']:                          -0.020462147594
Correlation energy [+1']:                         -0.000214889610
Correlation energy [-1']:                         -0.060943906690
Correlation energy [+1]:                          -0.003734188199
Correlation energy [-1]:                          -0.083325092361
Correlation energy [+2]:                          -0.000006300178
Correlation energy [-2]:                          -0.239634089328
Correlation energy [0]:                           -0.093897058289
SA-CASSCF reference state total energy:         -535.968084598433
NEVPT2 correlation energy:                        -0.502217672250
Total NEVPT2 energy:                            -536.470302270682

Computing the QD-NEVPT2 effective Hamiltonian...

Summary of results for the QD-NEVPT2 calculation with the SA-CASSCF reference:
------------------------------------------------------------------------------------------------------------------
  State    Degen.        E(total)            dE(a.u.)        dE(eV)      dE(nm)       dE(cm-1)      Osc Str.  
------------------------------------------------------------------------------------------------------------------
    1        1         -536.734551200009     0.00000000       0.0000                      0.0000               
    2        3         -536.607846648260     0.12670455       3.4478     359.6031     27808.4348     0.00000000
    3        1         -536.573830990240     0.16072021       4.3734     283.4949     35274.0088     0.00109985
    4        3         -536.572228160905     0.16232304       4.4170     280.6955     35625.7892     0.00000000
    5        1         -536.536730203046     0.19782100       5.3830     230.3262     43416.6904     0.00592205
    6        3         -536.469888473069     0.26466273       7.2018     172.1563     58086.7544     0.00000000
----------------------------------------------------------------------------------------------------------------
> CPU time for total NEVPT2 calculation    297.05 sec, wall time      9.34 sec
  spin-free QD-NEVPT2 10.3 s

Computing NEVPT energies...

Method:                                            nevpt2
Method type:                                       qd
Nuclear repulsion energy:                         51.231335948096
Number of electrons:                               26
Number of basis functions:                         74
Reference wavefunction type:                       sa-casscf
Number of reference states:                        6
Number of reference microstates:                   6
Number of frozen orbitals:                         0
Number of core orbitals:                           7
Number of active orbitals:                         7
Number of external orbitals:                       60
Number of active electrons:                        [(np.int64(6), np.int64(6)), (np.int64(6), np.int64(6)), (np.int64(6), np.int64(6)), (np.int64(6), np.int64(6)), (np.int64(6), np.int64(6)), (np.int64(6), np.int64(6))]
Spin–orbit coupling:                               dkh1
G-tensor:                                          False
Reference density fitting?                         False
Correlation density fitting?                       False
Temporary directory path:                          /tmp

Internal contraction:                              Full (= Partial)
Compute singles amplitudes?                        False
Overlap truncation parameter (singles):            1.00e-08
Overlap truncation parameter (doubles):            1.00e-08

Einsum Backend:                                    opt_einsum

Transforming integrals to MO basis...
Correlation energy [0]:                           -0.093897058289

Computing energy of state #1...
Reference state active-space energy:             -35.324586283958
Reference state spin multiplicity:                 1
Number of active electrons:                        [(np.int64(6), np.int64(6))]
Correlation energy [0']:                          -0.018722686056
Correlation energy [+1']:                         -0.000241906611
Correlation energy [-1']:                         -0.063990041555
Correlation energy [+1]:                          -0.004204672214
Correlation energy [-1]:                          -0.082514203018
Correlation energy [+2]:                          -0.000350634225
Correlation energy [-2]:                          -0.234250609330
Correlation energy [0]:                           -0.093897058289
SA-CASSCF reference state total energy:         -536.236377490213
NEVPT2 correlation energy:                        -0.498171811298
Total NEVPT2 energy:                            -536.734549301511

Computing energy of state #2...
Reference state active-space energy:             -35.186940235203
Reference state spin multiplicity:                 3
Number of active electrons:                        [(np.int64(6), np.int64(6))]
Correlation energy [0']:                          -0.019897314509
Correlation energy [+1']:                         -0.000133121681
Correlation energy [-1']:                         -0.072605178220
Correlation energy [+1]:                          -0.004017279720
Correlation energy [-1]:                          -0.082703555110
Correlation energy [+2]:                          -0.000014301013
Correlation energy [-2]:                          -0.235433600646
Correlation energy [0]:                           -0.093897058289
SA-CASSCF reference state total energy:         -536.098731441458
NEVPT2 correlation energy:                        -0.508701409189
Total NEVPT2 energy:                            -536.607432850646

Computing energy of state #3...
Reference state active-space energy:             -35.152487147230
Reference state spin multiplicity:                 1
Number of active electrons:                        [(np.int64(6), np.int64(6))]
Correlation energy [0']:                          -0.019583283999
Correlation energy [+1']:                         -0.000136933967
Correlation energy [-1']:                         -0.072256083518
Correlation energy [+1]:                          -0.003969105665
Correlation energy [-1]:                          -0.082511253821
Correlation energy [+2]:                          -0.000022122140
Correlation energy [-2]:                          -0.237176795355
Correlation energy [0]:                           -0.093897058289
SA-CASSCF reference state total energy:         -536.064278353484
NEVPT2 correlation energy:                        -0.509552636755
Total NEVPT2 energy:                            -536.573830990239

Computing energy of state #4...
Reference state active-space energy:             -35.145417559337
Reference state spin multiplicity:                 3
Number of active electrons:                        [(np.int64(6), np.int64(6))]
Correlation energy [0']:                          -0.018042598448
Correlation energy [+1']:                         -0.000085146706
Correlation energy [-1']:                         -0.075850792267
Correlation energy [+1]:                          -0.004169093179
Correlation energy [-1]:                          -0.084595042365
Correlation energy [+2]:                          -0.000018963169
Correlation energy [-2]:                          -0.238360700887
Correlation energy [0]:                           -0.093897058289
SA-CASSCF reference state total energy:         -536.057208765592
NEVPT2 correlation energy:                        -0.515019395310
Total NEVPT2 energy:                            -536.572228160902

Computing energy of state #5...
Reference state active-space energy:             -35.106055578678
Reference state spin multiplicity:                 1
Number of active electrons:                        [(np.int64(6), np.int64(6))]
Correlation energy [0']:                          -0.018380248807
Correlation energy [+1']:                         -0.000033313022
Correlation energy [-1']:                         -0.077362792890
Correlation energy [+1]:                          -0.004112767727
Correlation energy [-1]:                          -0.084579360091
Correlation energy [+2]:                          -0.000038593558
Correlation energy [-2]:                          -0.240481182228
Correlation energy [0]:                           -0.093897058289
SA-CASSCF reference state total energy:         -536.017846784932
NEVPT2 correlation energy:                        -0.518885316612
Total NEVPT2 energy:                            -536.536732101545

Computing energy of state #6...
Reference state active-space energy:             -35.056293392178
Reference state spin multiplicity:                 3
Number of active electrons:                        [(np.int64(6), np.int64(6))]
Correlation energy [0']:                          -0.020462147594
Correlation energy [+1']:                         -0.000214889610
Correlation energy [-1']:                         -0.060943906690
Correlation energy [+1]:                          -0.003734188199
Correlation energy [-1]:                          -0.083325092361
Correlation energy [+2]:                          -0.000006300178
Correlation energy [-2]:                          -0.239634089328
Correlation energy [0]:                           -0.093897058289
SA-CASSCF reference state total energy:         -535.968084598433
NEVPT2 correlation energy:                        -0.502217672250
Total NEVPT2 energy:                            -536.470302270682

Computing the QD-NEVPT2 effective Hamiltonian...

Initializing state-interaction spin–orbit coupling program...
Apply S_plus due to Ms=0...
Performing state-interaction spin–orbit coupling calculation within spin-free framework...

Note that SOC Hamiltionian is sf-X2C-1e+so-DKH1 instead of usual DKH. 

Calculating Wigner 1-RDM...
> CPU time for total sf-X2C-1e+so-DKH1 calculation    123.37 sec, wall time      4.30 sec

Summary of results for the DKH1-QD-NEVPT2 calculation with the SA-CASSCF reference:
------------------------------------------------------------------------------------------------------------------
  State    Degen.        E(total)            dE(a.u.)        dE(eV)      dE(nm)       dE(cm-1)      Osc Str.  
------------------------------------------------------------------------------------------------------------------
    1        1         -536.734569125911     0.00000000       0.0000                      0.0000               
    2        1         -536.607875985562     0.12669314       3.4475     359.6355     27805.9303     0.00000000
    3        1         -536.607872549840     0.12669658       3.4476     359.6258     27806.6843     0.00000007
    4        1         -536.607859266566     0.12670986       3.4480     359.5881     27809.5997     0.00000081
    5        1         -536.574268404629     0.16030072       4.3620     284.2367     35181.9417     0.00090320
    6        1         -536.572203127541     0.16236600       4.4182     280.6213     35635.2176     0.00000000
    7        1         -536.572196787800     0.16237234       4.4184     280.6103     35636.6091     0.00000016
    8        1         -536.571790765854     0.16277836       4.4294     279.9104     35725.7206     0.00019664
    9        1         -536.536720932350     0.19784819       5.3837     230.2945     43422.6593     0.00591998
   10        1         -536.469884149786     0.26468498       7.2024     172.1418     58091.6376     0.00000002
   11        1         -536.469881903837     0.26468722       7.2025     172.1404     58092.1305     0.00000029
   12        1         -536.469879240311     0.26468989       7.2026     172.1386     58092.7151     0.00000124
----------------------------------------------------------------------------------------------------------------
> CPU time for total SOC-NEVPT2 calculation    430.06 sec, wall time     14.14 sec
  SOC QD-NEVPT2 15.0 s

  12 spin-orbit states:
    i              E / Ha   dE / eV   dE / nm             f
    0     -536.7345691259    0.0000        --              
    1     -536.6078759856    3.4475     359.6    4.5303e-09
    2     -536.6078725498    3.4476     359.6    7.3272e-08
    3     -536.6078592666    3.4480     359.6    8.1457e-07
    4     -536.5742684046    4.3620     284.2    9.0320e-04
    5     -536.5722031275    4.4182     280.6    7.6634e-12
    6     -536.5721967878    4.4184     280.6    1.5927e-07
    7     -536.5717907659    4.4294     279.9    1.9664e-04
    8     -536.5367209324    5.3837     230.3    5.9200e-03
    9     -536.4698841498    7.2024     172.1    1.8884e-08
   10     -536.4698819038    7.2025     172.1    2.9350e-07
   11     -536.4698792403    7.2026     172.1    1.2400e-06

  clusters (tol 0.05 eV):
      0  n=1    0.0000 eV        -- nm  sum f 0.0000e+00
      1  n=3    3.4477 eV     359.6 nm  sum f 8.9237e-07
      2  n=1    4.3620 eV     284.2 nm  sum f 9.0320e-04
      3  n=3    4.4220 eV     280.4 nm  sum f 1.9680e-04
      4  n=1    5.3837 eV     230.3 nm  sum f 5.9200e-03
      5  n=3    7.2025 eV     172.1 nm  sum f 1.5524e-06

  a 3A" band = the lowest three excited SOC states:
      energies   3.4475, 3.4476, 3.4480 eV  (spread 4 cm-1)
      centroid   3.4477 eV = 359.6 nm
      summed f   8.9237e-07
      gap to the next state 0.914 eV

  spin-free QD-NEVPT2, same reference: 0.0000, 3.4478, 4.3734, 4.4170, 5.3830, 7.2018 eV
      matched spin-free triplet 3.4478 eV (absolute match 1 meV)
      ground state lowered by SOC -0.5 meV
  -> SOC shifts the a 3A" band by -0 meV: 359.6 -> 359.6 nm (+0.0 nm)

  CONTROL against HOCl's 03: vertical 3.4477 eV (03: 3.4475), summed f 8.92e-07 (03: 8.9e-07)
  -> reproduced; the adaptation is sound.

  total 165.3 s wall
